 win32_phash

 Timestamp is 577340e0 (Wed Jun 29 11:30:40 2016)

 Preferred load address is 0000000180000000

 Start         Length     Name                   Class
 0001:00000000 000001e0H .text                   CODE
 0001:000001e0 00000110H .text$di                CODE
 0001:000002f0 0004b3f0H .text$mn                CODE
 0001:0004b6e0 00000020H .text$mn$00             CODE
 0001:0004b700 00002140H .text$x                 CODE
 0001:0004d840 00000294H .text$yd                CODE
 0002:00000000 00000340H .idata$5                DATA
 0002:00000340 00000010H .00cfg                  DATA
 0002:00000350 00000008H .CRT$XCA                DATA
 0002:00000358 00000038H .CRT$XCC                DATA
 0002:00000390 00000010H .CRT$XCL                DATA
 0002:000003a0 00000008H .CRT$XCU                DATA
 0002:000003a8 00000008H .CRT$XCZ                DATA
 0002:000003b0 00000008H .CRT$XIA                DATA
 0002:000003b8 00000030H .CRT$XIC                DATA
 0002:000003e8 00000008H .CRT$XIZ                DATA
 0002:000003f0 00000008H .CRT$XLA                DATA
 0002:000003f8 00000008H .CRT$XLZ                DATA
 0002:00000400 00000008H .CRT$XPA                DATA
 0002:00000408 00000010H .CRT$XPX                DATA
 0002:00000418 00000008H .CRT$XPXA               DATA
 0002:00000420 00000008H .CRT$XPZ                DATA
 0002:00000428 00000008H .CRT$XTA                DATA
 0002:00000430 00000010H .CRT$XTZ                DATA
 0002:00000440 000141e8H .rdata                  DATA
 0002:00014628 00000028H .rdata$T                DATA
 0002:00014650 00001068H .rdata$r                DATA
 0002:000156b8 00000010H .rdata$zETW0            DATA
 0002:000156c8 00000077H .rdata$zETW1            DATA
 0002:0001573f 0000002cH .rdata$zETW2            DATA
 0002:0001576b 00000001H .rdata$zETW9            DATA
 0002:0001576c 00000504H .rdata$zzzdbg           DATA
 0002:00015c70 00000008H .rtc$IAA                DATA
 0002:00015c78 00000008H .rtc$IZZ                DATA
 0002:00015c80 00000008H .rtc$TAA                DATA
 0002:00015c88 00000008H .rtc$TZZ                DATA
 0002:00015c90 00004548H .xdata                  DATA
 0002:0001a1d8 0000042cH .xdata$x                DATA
 0002:0001a604 00000020H .didat$2                DATA
 0002:0001a624 00000024H .didat$3                DATA
 0002:0001a648 00000080H .didat$4                DATA
 0002:0001a6c8 000003c0H .didat$6                DATA
 0002:0001aa88 00000088H .didat$7                DATA
 0002:0001ab10 0000005cH .edata                  DATA
 0002:0001ab6c 0000003cH .idata$2                DATA
 0002:0001aba8 00000018H .idata$3                DATA
 0002:0001abc0 00000340H .idata$4                DATA
 0002:0001af00 0000077cH .idata$6                DATA
 0003:00000000 00000c00H .data                   DATA
 0003:00000c00 00000738H .data$r                 DATA
 0003:00001338 00000088H .didat$5                DATA
 0003:000013c0 00001c14H .bss                    DATA
 0004:00000000 000036a8H .pdata                  DATA
 0005:00000000 000000b4H .gfids$x                DATA
 0005:000000b4 00000240H .gfids$y                DATA
 0006:00000000 00000004H .tls                    DATA
 0006:00000004 00000004H .tls$                   DATA
 0006:00000008 00000001H .tls$ZZZ                DATA
 0007:00000000 00000060H .rsrc$01                DATA
 0007:00000060 00000180H .rsrc$02                DATA

  Address         Publics by Value              Rva+Base               Lib:Object

 0000:00000000       __dynamic_value_reloc_table 0000000000000000     <absolute>
 0000:00000000       __guard_iat_count          0000000000000000     <absolute>
 0000:00000000       __guard_iat_table          0000000000000000     <absolute>
 0000:00000000       __guard_fids_count         0000000000000000     <absolute>
 0000:00000000       ___safe_se_handler_table   0000000000000000     <absolute>
 0000:00000000       ___safe_se_handler_count   0000000000000000     <absolute>
 0000:00000000       __guard_longjmp_table      0000000000000000     <absolute>
 0000:00000000       __guard_longjmp_count      0000000000000000     <absolute>
 0000:00000000       __guard_fids_table         0000000000000000     <absolute>
 0000:00000100       __guard_flags              0000000000000100     <absolute>
 0000:00000000       __ImageBase                0000000180000000     <linker-defined>
 0001:00000000       ?TraceLoggingRegister@__vcrt_trace_logging_provider@@YAJPEBU_TlgProvider_t@1@PEBU_GUID@@P6AX1KE_K2PEAU_EVENT_FILTER_DESCRIPTOR@@PEAX@Z4@Z 0000000180001000 f i libvcruntime:telemetry.obj
 0001:0000007c       ?_TlgEnableCallback@__vcrt_trace_logging_provider@@YAXPEBU_GUID@@KE_K1PEAU_EVENT_FILTER_DESCRIPTOR@@PEAX@Z 000000018000107c f i libvcruntime:telemetry.obj
 0001:00000140       ?_TlgWrite@__vcrt_trace_logging_provider@@YAJPEBU_TlgProvider_t@1@PEFBXPEBU_GUID@@2IPEAU_EVENT_DATA_DESCRIPTOR@@@Z 0000000180001140 f i libvcruntime:telemetry.obj
 0001:000002f0       __local_stdio_printf_options 00000001800012f0 f i win32_phash.obj
 0001:00000300       __local_stdio_scanf_options 0000000180001300 f i win32_phash.obj
 0001:00000310       fprintf                    0000000180001310 f i win32_phash.obj
 0001:00000360       fscanf                     0000000180001360 f i win32_phash.obj
 0001:000003b0       sprintf_s                  00000001800013b0 f i win32_phash.obj
 0001:00000410       sscanf                     0000000180001410 f i win32_phash.obj
 0001:00000460       ?NODE_SET_METHOD@node@@YAXV?$Local@VObject@v8@@@v8@@PEBDP6AXAEBV?$FunctionCallbackInfo@VValue@v8@@@3@@Z@Z 0000000180001460 f i win32_phash.obj
 0001:00000530       ??0exception@stdext@@QEAA@AEBV01@@Z 0000000180001530 f i win32_phash.obj
 0001:00000550       ?what@exception@stdext@@UEBAPEBDXZ 0000000180001550 f i win32_phash.obj
 0001:00000570       ?_Lock@?$basic_streambuf@DU?$char_traits@D@std@@@std@@UEAAXXZ 0000000180001570 f i libcpmt:cout.obj
 0001:00000570       ?_Unlock@?$basic_streambuf@DU?$char_traits@D@std@@@std@@UEAAXXZ 0000000180001570 f i libcpmt:cout.obj
 0001:00000570       _guard_check_icall_nop     0000000180001570 f i LIBCMT:guard_support.obj
 0001:00000570       ?_Doraise@exception@stdext@@MEBAXXZ 0000000180001570 f i win32_phash.obj
 0001:00000570       __except_validate_context_record 0000000180001570 f i libvcruntime:jbcxrval.obj
 0001:00000570       ?imbue@?$basic_streambuf@DU?$char_traits@D@std@@@std@@MEAAXAEBVlocale@2@@Z 0000000180001570 f i libcpmt:cout.obj
 0001:00000580       ??_Gruntime_error@std@@UEAAPEAXI@Z 0000000180001580 f i win32_phash.obj
 0001:00000580       ??_Gexception@stdext@@UEAAPEAXI@Z 0000000180001580 f i win32_phash.obj
 0001:00000580       ??_Eruntime_error@std@@UEAAPEAXI@Z 0000000180001580 f i * CIL library *:* CIL module *
 0001:00000580       ??_Eexception@stdext@@UEAAPEAXI@Z 0000000180001580 f i * CIL library *:* CIL module *
 0001:000005b0       ?_Deallocate@std@@YAXPEAX_K1@Z 00000001800015b0 f i win32_phash.obj
 0001:00000620       ??0_Locinfo@std@@QEAA@PEBD@Z 0000000180001620 f i win32_phash.obj
 0001:000006e0       ??1_Locinfo@std@@QEAA@XZ   00000001800016e0 f i win32_phash.obj
 0001:00000780       ??_G_Facet_base@std@@UEAAPEAXI@Z 0000000180001780 f i win32_phash.obj
 0001:00000780       ??_E_Facet_base@std@@UEAAPEAXI@Z 0000000180001780 f i * CIL library *:* CIL module *
 0001:000007b0       ?_Incref@facet@locale@std@@UEAAXXZ 00000001800017b0 f i win32_phash.obj
 0001:000007c0       ?_Decref@facet@locale@std@@UEAAPEAV_Facet_base@3@XZ 00000001800017c0 f i win32_phash.obj
 0001:000007d0       ?_Getcat@?$ctype@D@std@@SA_KPEAPEBVfacet@locale@2@PEBV42@@Z 00000001800017d0 f i win32_phash.obj
 0001:00000890       ?do_tolower@?$ctype@D@std@@MEBADD@Z 0000000180001890 f i win32_phash.obj
 0001:000008a0       ?do_tolower@?$ctype@D@std@@MEBAPEBDPEADPEBD@Z 00000001800018a0 f i win32_phash.obj
 0001:00000900       ?do_toupper@?$ctype@D@std@@MEBADD@Z 0000000180001900 f i win32_phash.obj
 0001:00000910       ?do_toupper@?$ctype@D@std@@MEBAPEBDPEADPEBD@Z 0000000180001910 f i win32_phash.obj
 0001:00000970       ?do_narrow@?$ctype@D@std@@MEBADDD@Z 0000000180001970 f i win32_phash.obj
 0001:00000970       ?do_widen@?$ctype@D@std@@MEBADD@Z 0000000180001970 f i win32_phash.obj
 0001:00000980       ?do_widen@?$ctype@D@std@@MEBAPEBDPEBD0PEAD@Z 0000000180001980 f i win32_phash.obj
 0001:000009a0       ?do_narrow@?$ctype@D@std@@MEBAPEBDPEBD0DPEAD@Z 00000001800019a0 f i win32_phash.obj
 0001:000009c0       ??_G?$ctype@D@std@@MEAAPEAXI@Z 00000001800019c0 f i win32_phash.obj
 0001:000009c0       ??_E?$ctype@D@std@@MEAAPEAXI@Z 00000001800019c0 f i * CIL library *:* CIL module *
 0001:00000a30       ??_E_Iostream_error_category@std@@UEAAPEAXI@Z 0000000180001a30 f i * CIL library *:* CIL module *
 0001:00000a30       ??_Gerror_category@std@@UEAAPEAXI@Z 0000000180001a30 f i win32_phash.obj
 0001:00000a30       ??_G_Iostream_error_category@std@@UEAAPEAXI@Z 0000000180001a30 f i win32_phash.obj
 0001:00000a30       ??_Eerror_category@std@@UEAAPEAXI@Z 0000000180001a30 f i * CIL library *:* CIL module *
 0001:00000a60       ?default_error_condition@error_category@std@@UEBA?AVerror_condition@2@H@Z 0000000180001a60 f i win32_phash.obj
 0001:00000a70       ?equivalent@error_category@std@@UEBA_NHAEBVerror_condition@2@@Z 0000000180001a70 f i win32_phash.obj
 0001:00000ad0       ?equivalent@error_category@std@@UEBA_NAEBVerror_code@2@H@Z 0000000180001ad0 f i win32_phash.obj
 0001:00000af0       ??0_System_error@std@@IEAA@Verror_code@1@AEBV?$basic_string@DU?$char_traits@D@std@@V?$allocator@D@2@@1@@Z 0000000180001af0 f i win32_phash.obj
 0001:00000c80       ??_E_System_error@std@@UEAAPEAXI@Z 0000000180001c80 f i * CIL library *:* CIL module *
 0001:00000c80       ??_Efailure@ios_base@std@@UEAAPEAXI@Z 0000000180001c80 f i * CIL library *:* CIL module *
 0001:00000c80       ??_G_System_error@std@@UEAAPEAXI@Z 0000000180001c80 f i win32_phash.obj
 0001:00000c80       ??_Gfailure@ios_base@std@@UEAAPEAXI@Z 0000000180001c80 f i win32_phash.obj
 0001:00000cb0       ?name@_Iostream_error_category@std@@UEBAPEBDXZ 0000000180001cb0 f i win32_phash.obj
 0001:00000cc0       ?message@_Iostream_error_category@std@@UEBA?AV?$basic_string@DU?$char_traits@D@std@@V?$allocator@D@2@@2@H@Z 0000000180001cc0 f i win32_phash.obj
 0001:00000d40       ?clear@ios_base@std@@QEAAXH_N@Z 0000000180001d40 f i win32_phash.obj
 0001:00000fd0       ?_snprintf@cimg@cimg_library@@YAHQEAD_KQEBDZZ 0000000180001fd0 f i win32_phash.obj
 0001:00001030       ?_vsnprintf@cimg@cimg_library@@YAHQEAD_KQEBDPEAD@Z 0000000180002030 f i win32_phash.obj
 0001:00001110       ?exception_mode@cimg@cimg_library@@YAAEAII@Z 0000000180002110 f i win32_phash.obj
 0001:00001160       ??0CImgException@cimg_library@@QEAA@AEBU01@@Z 0000000180002160 f i win32_phash.obj
 0001:000011e0       ?what@CImgException@cimg_library@@UEBAPEBDXZ 00000001800021e0 f i win32_phash.obj
 0001:000011f0       ??_ECImgArgumentException@cimg_library@@UEAAPEAXI@Z 00000001800021f0 f i * CIL library *:* CIL module *
 0001:000011f0       ??_GCImgIOException@cimg_library@@UEAAPEAXI@Z 00000001800021f0 f i win32_phash.obj
 0001:000011f0       ??_ECImgIOException@cimg_library@@UEAAPEAXI@Z 00000001800021f0 f i * CIL library *:* CIL module *
 0001:000011f0       ??_ECImgException@cimg_library@@UEAAPEAXI@Z 00000001800021f0 f i * CIL library *:* CIL module *
 0001:000011f0       ??_ECImgInstanceException@cimg_library@@UEAAPEAXI@Z 00000001800021f0 f i * CIL library *:* CIL module *
 0001:000011f0       ??_GCImgInstanceException@cimg_library@@UEAAPEAXI@Z 00000001800021f0 f i win32_phash.obj
 0001:000011f0       ??_GCImgException@cimg_library@@UEAAPEAXI@Z 00000001800021f0 f i win32_phash.obj
 0001:000011f0       ??_GCImgArgumentException@cimg_library@@UEAAPEAXI@Z 00000001800021f0 f i win32_phash.obj
 0001:00001240       ??0CImgArgumentException@cimg_library@@QEAA@QEBDZZ 0000000180002240 f i win32_phash.obj
 0001:00001370       ??1CImgIOException@cimg_library@@UEAA@XZ 0000000180002370 f i win32_phash.obj
 0001:00001370       ??1CImgArgumentException@cimg_library@@UEAA@XZ 0000000180002370 f i win32_phash.obj
 0001:00001370       ??1CImgInstanceException@cimg_library@@UEAA@XZ 0000000180002370 f i win32_phash.obj
 0001:000013a0       ??0CImgInstanceException@cimg_library@@QEAA@QEBDZZ 00000001800023a0 f i win32_phash.obj
 0001:000014d0       ??0CImgIOException@cimg_library@@QEAA@QEBDZZ 00000001800024d0 f i win32_phash.obj
 0001:00001600       ?Mutex_attr@cimg@cimg_library@@YAAEAUMutex_info@12@XZ 0000000180002600 f i win32_phash.obj
 0001:000016b0       ?output@cimg@cimg_library@@YAPEAU_iobuf@@PEAU3@@Z 00000001800026b0 f i win32_phash.obj
 0001:00001740       ?warn@cimg@cimg_library@@YAXQEBDZZ 0000000180002740 f i win32_phash.obj
 0001:000017d0       ?system@cimg@cimg_library@@YAHQEBD0@Z 00000001800027d0 f i win32_phash.obj
 0001:000018c0       ?strncasecmp@cimg@cimg_library@@YAHQEBD0H@Z 00000001800028c0 f i win32_phash.obj
 0001:00001940       ?filenamerand@cimg@cimg_library@@YAPEBDXZ 0000000180002940 f i win32_phash.obj
 0001:00001b20       ?winformat_string@cimg@cimg_library@@YAXQEAD@Z 0000000180002b20 f i win32_phash.obj
 0001:00001b90       ?fopen@cimg@cimg_library@@YAPEAU_iobuf@@QEBD0@Z 0000000180002b90 f i win32_phash.obj
 0001:00001ca0       ??0CImgArgumentException@cimg_library@@QEAA@AEBU01@@Z 0000000180002ca0 f i win32_phash.obj
 0001:00001ca0       ??0CImgInstanceException@cimg_library@@QEAA@AEBU01@@Z 0000000180002ca0 f i win32_phash.obj
 0001:00001ca0       ??0CImgIOException@cimg_library@@QEAA@AEBU01@@Z 0000000180002ca0 f i win32_phash.obj
 0001:00001cd0       ?fclose@cimg@cimg_library@@YAHPEAU_iobuf@@@Z 0000000180002cd0 f i win32_phash.obj
 0001:00001d40       ?split_filename@cimg@cimg_library@@YAPEBDQEBDQEAD@Z 0000000180002d40 f i win32_phash.obj
 0001:00001db0       ?info@cimg@cimg_library@@YAXXZ 0000000180002db0 f i win32_phash.obj
 0001:000021c0       ?temporary_path@cimg@cimg_library@@YAPEBDQEBD_N@Z 00000001800031c0 f i win32_phash.obj
 0001:00002730       ?programfiles_path@cimg@cimg_library@@YAPEBDQEBD_N@Z 0000000180003730 f i win32_phash.obj
 0001:00002870       ?imagemagick_path@cimg@cimg_library@@YAPEBDQEBD_N@Z 0000000180003870 f i win32_phash.obj
 0001:00003320       ?graphicsmagick_path@cimg@cimg_library@@YAPEBDQEBD_N@Z 0000000180004320 f i win32_phash.obj
 0001:00003dd0       ?medcon_path@cimg@cimg_library@@YAPEBDQEBD_N@Z 0000000180004dd0 f i win32_phash.obj
 0001:00003ff0       ?gunzip_path@cimg@cimg_library@@YAPEBDQEBD_N@Z 0000000180004ff0 f i win32_phash.obj
 0001:00004150       ?wget_path@cimg@cimg_library@@YAPEBDQEBD_N@Z 0000000180005150 f i win32_phash.obj
 0001:000042a0       ?curl_path@cimg@cimg_library@@YAPEBDQEBD_N@Z 00000001800052a0 f i win32_phash.obj
 0001:000043f0       ?load_network@cimg@cimg_library@@YAPEADQEBDQEADI_N0@Z 00000001800053f0 f i win32_phash.obj
 0001:00004810       ?strbuffersize@cimg@cimg_library@@YAPEBDK@Z 0000000180005810 f i win32_phash.obj
 0001:00004a80       ph_dct_imagehash           0000000180005a80 f   win32_phash.obj
 0001:00005160       ?ulong64ToString@demo@@YA?AV?$basic_string@DU?$char_traits@D@std@@V?$allocator@D@2@@std@@AEA_K@Z 0000000180006160 f   win32_phash.obj
 0001:00005650       ?StringToNumber@demo@@YA_KV?$basic_string@DU?$char_traits@D@std@@V?$allocator@D@2@@std@@@Z 0000000180006650 f   win32_phash.obj
 0001:00005730       ?imageHashSync@demo@@YAXAEBV?$FunctionCallbackInfo@VValue@v8@@@v8@@@Z 0000000180006730 f   win32_phash.obj
 0001:000059f0       ?Hamming_distance@demo@@YAXAEBV?$FunctionCallbackInfo@VValue@v8@@@v8@@@Z 00000001800069f0 f   win32_phash.obj
 0001:00005d50       ?Init@demo@@YAXV?$Local@VObject@v8@@@v8@@@Z 0000000180006d50 f   win32_phash.obj
 0001:00005da0       ?load@?$CImg@E@cimg_library@@QEAAAEAU12@QEBD@Z 0000000180006da0 f i win32_phash.obj
 0001:00005f50       ?channel@?$CImg@E@cimg_library@@QEAAAEAU12@H@Z 0000000180006f50 f i win32_phash.obj
 0001:00005fc0       ?RGBtoYCbCr@?$CImg@E@cimg_library@@QEAAAEAU12@XZ 0000000180006fc0 f i win32_phash.obj
 0001:00006270       ?resize@?$CImg@M@cimg_library@@QEAAAEAU12@HHHHHIMMMM@Z 0000000180007270 f i win32_phash.obj
 0001:000064f0       ?median@?$CImg@M@cimg_library@@QEBAMXZ 00000001800074f0 f i win32_phash.obj
 0001:00006600       ??0?$CImg@M@cimg_library@@QEAA@AEBU01@@Z 0000000180007600 f i win32_phash.obj
 0001:000066d0       ??0?$CImg@M@cimg_library@@QEAA@IIIIAEBM@Z 00000001800076d0 f i win32_phash.obj
 0001:00006770       ?move_to@?$CImg@D@cimg_library@@QEAAAEAU12@AEAU12@@Z 0000000180007770 f i win32_phash.obj
 0001:00006830       ?assign@?$CImg@D@cimg_library@@QEAAAEAU12@IIII@Z 0000000180007830 f i win32_phash.obj
 0001:00006960       ?assign@?$CImg@E@cimg_library@@QEAAAEAU12@XZ 0000000180007960 f i win32_phash.obj
 0001:00006960       ?assign@?$CImg@M@cimg_library@@QEAAAEAU12@XZ 0000000180007960 f i win32_phash.obj
 0001:00006960       ?assign@?$CImg@D@cimg_library@@QEAAAEAU12@XZ 0000000180007960 f i win32_phash.obj
 0001:000069a0       ??0?$CImg@D@cimg_library@@QEAA@QEBDIIII_N@Z 00000001800079a0 f i win32_phash.obj
 0001:00006a40       ??0?$CImg@D@cimg_library@@QEAA@IIII@Z 0000000180007a40 f i win32_phash.obj
 0001:00006ab0       ??0?$CImg@K@cimg_library@@QEAA@IIII@Z 0000000180007ab0 f i win32_phash.obj
 0001:00006b30       ??1?$basic_string@DU?$char_traits@D@std@@V?$allocator@D@2@@std@@QEAA@XZ 0000000180007b30 f i win32_phash.obj
 0001:00006b70       ??4?$basic_string@DU?$char_traits@D@std@@V?$allocator@D@2@@std@@QEAAAEAV01@$$QEAV01@@Z 0000000180007b70 f i win32_phash.obj
 0001:00006bd0       ??6?$basic_ostream@DU?$char_traits@D@std@@@std@@QEAAAEAV01@H@Z 0000000180007bd0 f i win32_phash.obj
 0001:00006d70       ??_E?$CImg@D@cimg_library@@QEAAPEAXI@Z 0000000180007d70 f i win32_phash.obj
 0001:00006d70       ??_E?$CImg@E@cimg_library@@QEAAPEAXI@Z 0000000180007d70 f i win32_phash.obj
 0001:00006de0       ??0sentry@?$basic_ostream@DU?$char_traits@D@std@@@std@@QEAA@AEAV12@@Z 0000000180007de0 f i win32_phash.obj
 0001:00006e50       ?do_put@?$num_put@DV?$ostreambuf_iterator@DU?$char_traits@D@std@@@std@@@std@@MEBA?AV?$ostreambuf_iterator@DU?$char_traits@D@std@@@2@V32@AEAVios_base@2@DPEBX@Z 0000000180007e50 f i win32_phash.obj
 0001:00006ef0       ?do_put@?$num_put@DV?$ostreambuf_iterator@DU?$char_traits@D@std@@@std@@@std@@MEBA?AV?$ostreambuf_iterator@DU?$char_traits@D@std@@@2@V32@AEAVios_base@2@DO@Z 0000000180007ef0 f i win32_phash.obj
 0001:00007130       ?do_put@?$num_put@DV?$ostreambuf_iterator@DU?$char_traits@D@std@@@std@@@std@@MEBA?AV?$ostreambuf_iterator@DU?$char_traits@D@std@@@2@V32@AEAVios_base@2@DN@Z 0000000180008130 f i win32_phash.obj
 0001:00007370       ?do_put@?$num_put@DV?$ostreambuf_iterator@DU?$char_traits@D@std@@@std@@@std@@MEBA?AV?$ostreambuf_iterator@DU?$char_traits@D@std@@@2@V32@AEAVios_base@2@D_K@Z 0000000180008370 f i win32_phash.obj
 0001:00007470       ?do_put@?$num_put@DV?$ostreambuf_iterator@DU?$char_traits@D@std@@@std@@@std@@MEBA?AV?$ostreambuf_iterator@DU?$char_traits@D@std@@@2@V32@AEAVios_base@2@D_J@Z 0000000180008470 f i win32_phash.obj
 0001:00007570       ?do_put@?$num_put@DV?$ostreambuf_iterator@DU?$char_traits@D@std@@@std@@@std@@MEBA?AV?$ostreambuf_iterator@DU?$char_traits@D@std@@@2@V32@AEAVios_base@2@DK@Z 0000000180008570 f i win32_phash.obj
 0001:00007670       ?do_put@?$num_put@DV?$ostreambuf_iterator@DU?$char_traits@D@std@@@std@@@std@@MEBA?AV?$ostreambuf_iterator@DU?$char_traits@D@std@@@2@V32@AEAVios_base@2@DJ@Z 0000000180008670 f i win32_phash.obj
 0001:00007770       ?do_put@?$num_put@DV?$ostreambuf_iterator@DU?$char_traits@D@std@@@std@@@std@@MEBA?AV?$ostreambuf_iterator@DU?$char_traits@D@std@@@2@V32@AEAVios_base@2@D_N@Z 0000000180008770 f i win32_phash.obj
 0001:00007b30       ?load_other@?$CImg@E@cimg_library@@QEAAAEAU12@QEBD@Z 0000000180008b30 f i win32_phash.obj
 0001:00007c60       ?get_crop@?$CImg@E@cimg_library@@QEBA?AU12@HHHHHHHH_N@Z 0000000180008c60 f i win32_phash.obj
 0001:00007e90       ?move_to@?$CImg@E@cimg_library@@QEAAAEAU12@AEAU12@@Z 0000000180008e90 f i win32_phash.obj
 0001:00007f50       ??0?$CImg@E@cimg_library@@QEAA@AEBU01@@Z 0000000180008f50 f i win32_phash.obj
 0001:00008000       ??0?$CImg@E@cimg_library@@QEAA@IIII@Z 0000000180009000 f i win32_phash.obj
 0001:00008080       ?get_resize@?$CImg@M@cimg_library@@QEBA?AU12@HHHHHIMMMM@Z 0000000180009080 f i win32_phash.obj
 0001:0000d980       ?fill@?$CImg@M@cimg_library@@QEAAAEAU12@AEBM@Z 000000018000e980 f i win32_phash.obj
 0001:0000da80       ?kth_smallest@?$CImg@M@cimg_library@@QEBAMI@Z 000000018000ea80 f i win32_phash.obj
 0001:0000dca0       ?move_to@?$CImg@M@cimg_library@@QEAAAEAU12@AEAU12@@Z 000000018000eca0 f i win32_phash.obj
 0001:0000dd60       ??0?$CImg@D@cimg_library@@QEAA@AEBU01@@Z 000000018000ed60 f i win32_phash.obj
 0001:0000de10       ?assign@?$basic_string@DU?$char_traits@D@std@@V?$allocator@D@2@@std@@QEAAAEAV12@_KD@Z 000000018000ee10 f i win32_phash.obj
 0001:0000df20       ?assign@?$basic_string@DU?$char_traits@D@std@@V?$allocator@D@2@@std@@QEAAAEAV12@AEBV12@_K1@Z 000000018000ef20 f i win32_phash.obj
 0001:0000e050       ?append@?$basic_string@DU?$char_traits@D@std@@V?$allocator@D@2@@std@@QEAAAEAV12@PEBD_K@Z 000000018000f050 f i win32_phash.obj
 0001:0000e1a0       ?append@?$basic_string@DU?$char_traits@D@std@@V?$allocator@D@2@@std@@QEAAAEAV12@AEBV12@_K1@Z 000000018000f1a0 f i win32_phash.obj
 0001:0000e2d0       ?_Assign_rv@?$basic_string@DU?$char_traits@D@std@@V?$allocator@D@2@@std@@QEAAX$$QEAV12@@Z 000000018000f2d0 f i win32_phash.obj
 0001:0000e340       ??_E?$codecvt@DDU_Mbstatet@@@std@@MEAAPEAXI@Z 000000018000f340 f i libcpmt:cout.obj
 0001:0000e340       ??_E?$num_put@DV?$ostreambuf_iterator@DU?$char_traits@D@std@@@std@@@std@@MEAAPEAXI@Z 000000018000f340 f i * CIL library *:* CIL module *
 0001:0000e340       ??_G?$num_put@DV?$ostreambuf_iterator@DU?$char_traits@D@std@@@std@@@std@@MEAAPEAXI@Z 000000018000f340 f i win32_phash.obj
 0001:0000e340       ??_G?$codecvt@DDU_Mbstatet@@@std@@MEAAPEAXI@Z 000000018000f340 f i libcpmt:cout.obj
 0001:0000e370       ??0?$CImg@I@cimg_library@@QEAA@IIII@Z 000000018000f370 f i win32_phash.obj
 0001:0000e3f0       ?do_truename@?$numpunct@D@std@@MEBA?AV?$basic_string@DU?$char_traits@D@std@@V?$allocator@D@2@@2@XZ 000000018000f3f0 f i win32_phash.obj
 0001:0000e440       ?do_falsename@?$numpunct@D@std@@MEBA?AV?$basic_string@DU?$char_traits@D@std@@V?$allocator@D@2@@2@XZ 000000018000f440 f i win32_phash.obj
 0001:0000e490       ?do_grouping@?$numpunct@D@std@@MEBA?AV?$basic_string@DU?$char_traits@D@std@@V?$allocator@D@2@@2@XZ 000000018000f490 f i win32_phash.obj
 0001:0000e4e0       ?do_thousands_sep@?$numpunct@D@std@@MEBADXZ 000000018000f4e0 f i win32_phash.obj
 0001:0000e4f0       ?do_decimal_point@?$numpunct@D@std@@MEBADXZ 000000018000f4f0 f i win32_phash.obj
 0001:0000e500       ?_Iput@?$num_put@DV?$ostreambuf_iterator@DU?$char_traits@D@std@@@std@@@std@@AEBA?AV?$ostreambuf_iterator@DU?$char_traits@D@std@@@2@V32@AEAVios_base@2@DPEAD_K@Z 000000018000f500 f i win32_phash.obj
 0001:0000eb40       ?_Fput@?$num_put@DV?$ostreambuf_iterator@DU?$char_traits@D@std@@@std@@@std@@AEBA?AV?$ostreambuf_iterator@DU?$char_traits@D@std@@@2@V32@AEAVios_base@2@DPEBD_K@Z 000000018000fb40 f i win32_phash.obj
 0001:0000f310       ?load_imagemagick_external@?$CImg@E@cimg_library@@QEAAAEAU12@QEBD@Z 0000000180010310 f i win32_phash.obj
 0001:0000f6a0       ?load_graphicsmagick_external@?$CImg@E@cimg_library@@QEAAAEAU12@QEBD@Z 00000001800106a0 f i win32_phash.obj
 0001:0000f9f0       ?draw_image@?$CImg@E@cimg_library@@QEAAAEAU12@HHHHAEBU12@M@Z 00000001800109f0 f i win32_phash.obj
 0001:000100f0       ?draw_image@?$CImg@M@cimg_library@@QEAAAEAU12@HHHHAEBU12@M@Z 00000001800110f0 f i win32_phash.obj
 0001:00010900       ?get_crop@?$CImg@M@cimg_library@@QEBA?AU12@HHHHHHHH_N@Z 0000000180011900 f i win32_phash.obj
 0001:00010b40       ?_cimg_lanczos@?$CImg@M@cimg_library@@SAMM@Z 0000000180011b40 f i win32_phash.obj
 0001:00010be0       ?assign@?$CImg@M@cimg_library@@QEAAAEAU12@IIII@Z 0000000180011be0 f i win32_phash.obj
 0001:00010d30       ??0?$CImg@M@cimg_library@@QEAA@IIII@Z 0000000180011d30 f i win32_phash.obj
 0001:00010dc0       ?deallocate@?$_Wrap_alloc@V?$allocator@D@std@@@std@@QEAAXPEAD_K@Z 0000000180011dc0 f i win32_phash.obj
 0001:00010e20       ?erase@?$basic_string@DU?$char_traits@D@std@@V?$allocator@D@2@@std@@QEAAAEAV12@_K0@Z 0000000180011e20 f i win32_phash.obj
 0001:00010ef0       ?assign@?$basic_string@DU?$char_traits@D@std@@V?$allocator@D@2@@std@@QEAAAEAV12@PEBD_K@Z 0000000180011ef0 f i win32_phash.obj
 0001:00011030       ?append@?$basic_string@DU?$char_traits@D@std@@V?$allocator@D@2@@std@@QEAAAEAV12@_KD@Z 0000000180012030 f i win32_phash.obj
 0001:00011140       ?flush@?$basic_ostream@DU?$char_traits@D@std@@@std@@QEAAAEAV12@XZ 0000000180012140 f i win32_phash.obj
 0001:00011230       ??_E?$numpunct@D@std@@MEAAPEAXI@Z 0000000180012230 f i * CIL library *:* CIL module *
 0001:00011230       ??_G?$numpunct@D@std@@MEAAPEAXI@Z 0000000180012230 f i win32_phash.obj
 0001:00011290       ?assign@?$CImg@I@cimg_library@@QEAAAEAU12@IIII@Z 0000000180012290 f i win32_phash.obj
 0001:000113c0       ?get_append@?$CImgList@E@cimg_library@@QEBA?AU?$CImg@E@2@DM@Z 00000001800123c0 f i win32_phash.obj
 0001:00011620       ?assign@?$CImg@H@cimg_library@@QEAAAEAU12@IIII@Z 0000000180012620 f i win32_phash.obj
 0001:00011750       ?assign@?$CImg@N@cimg_library@@QEAAAEAU12@IIII@Z 0000000180012750 f i win32_phash.obj
 0001:00011880       ??0?$CImg@M@cimg_library@@QEAA@AEBU01@_N@Z 0000000180012880 f i win32_phash.obj
 0001:00011940       ?_system_strescape@?$CImg@D@cimg_library@@QEAAAEAU12@XZ 0000000180012940 f i win32_phash.obj
 0001:00011ef0       ?_Copy@?$basic_string@DU?$char_traits@D@std@@V?$allocator@D@2@@std@@QEAAX_K0@Z 0000000180012ef0 f i win32_phash.obj
 0001:00011fd0       ?insert@?$basic_string@DU?$char_traits@D@std@@V?$allocator@D@2@@std@@QEAAAEAV12@_K0D@Z 0000000180012fd0 f i win32_phash.obj
 0001:00012140       ?_load_cimg@?$CImgList@E@cimg_library@@QEAAAEAU12@QEAU_iobuf@@QEBD@Z 0000000180013140 f i win32_phash.obj
 0001:000152b0       ?_load_pnm@?$CImg@E@cimg_library@@QEAAAEAU12@QEAU_iobuf@@QEBD@Z 00000001800162b0 f i win32_phash.obj
 0001:00015f30       ??0?$CImg@E@cimg_library@@QEAA@AEBU01@_N@Z 0000000180016f30 f i win32_phash.obj
 0001:00015fe0       ?assign@?$CImg@D@cimg_library@@QEAAAEAU12@QEBDIIII@Z 0000000180016fe0 f i win32_phash.obj
 0001:00016150       ?allocate@?$_Wrap_alloc@V?$allocator@D@std@@@std@@QEAAPEAD_K@Z 0000000180017150 f i win32_phash.obj
 0001:000161c0       ?assign@?$CImg@G@cimg_library@@QEAAAEAU12@IIII@Z 00000001800171c0 f i win32_phash.obj
 0001:000162f0       ?assign@?$CImg@_N@cimg_library@@QEAAAEAU12@IIII@Z 00000001800172f0 f i win32_phash.obj
 0001:00016410       ?assign@?$CImgList@E@cimg_library@@QEAAAEAU12@I@Z 0000000180017410 f i win32_phash.obj
 0001:00016510       ?assign@?$CImg@E@cimg_library@@QEAAAEAU12@IIII@Z 0000000180017510 f i win32_phash.obj
 0001:00016640       ?assign@?$CImg@J@cimg_library@@QEAAAEAU12@IIII@Z 0000000180017640 f i win32_phash.obj
 0001:00016770       ?assign@?$CImg@F@cimg_library@@QEAAAEAU12@IIII@Z 0000000180017770 f i win32_phash.obj
 0001:000168a0       ?get_append@?$CImgList@D@cimg_library@@QEBA?AU?$CImg@D@2@DM@Z 00000001800178a0 f i win32_phash.obj
 0001:00016b00       ??0?$CImg@D@cimg_library@@QEAA@IIIIAEBD@Z 0000000180017b00 f i win32_phash.obj
 0001:00016ba0       ?assign@?$CImg@K@cimg_library@@QEAAAEAU12@IIII@Z 0000000180017ba0 f i win32_phash.obj
 0001:00016cd0       ?draw_image@?$CImg@D@cimg_library@@QEAAAEAU12@HHHHAEBU12@M@Z 0000000180017cd0 f i win32_phash.obj
 0001:000173d0       ??0?$CImg@D@cimg_library@@QEAA@AEBU01@_N@Z 00000001800183d0 f i win32_phash.obj
 0001:00017480       ??$use_facet@V?$ctype@D@std@@@std@@YAAEBV?$ctype@D@0@AEBVlocale@0@@Z 0000000180018480 f i win32_phash.obj
 0001:000175b0       ??$_Immortalize@V_Iostream_error_category@std@@@std@@YAAEAV_Iostream_error_category@0@XZ 00000001800185b0 f i win32_phash.obj
 0001:00017630       ??$get_convolve@M@?$CImg@E@cimg_library@@QEBA?AU?$CImg@M@1@AEBU21@I_N@Z 0000000180018630 f i win32_phash.obj
 0001:000177a0       ??$?DM@?$CImg@M@cimg_library@@QEBA?AU01@AEBU01@@Z 00000001800187a0 f i win32_phash.obj
 0001:00017a90       ??$?6U?$char_traits@D@std@@@std@@YAAEAV?$basic_ostream@DU?$char_traits@D@std@@@0@AEAV10@PEBD@Z 0000000180018a90 f i win32_phash.obj
 0001:00017ce0       ??$fread@D@cimg@cimg_library@@YAHQEADKPEAU_iobuf@@@Z 0000000180018ce0 f i win32_phash.obj
 0001:00017df0       ??$use_facet@V?$num_put@DV?$ostreambuf_iterator@DU?$char_traits@D@std@@@std@@@std@@@std@@YAAEBV?$num_put@DV?$ostreambuf_iterator@DU?$char_traits@D@std@@@std@@@0@AEBVlocale@0@@Z 0000000180018df0 f i win32_phash.obj
 0001:00017f20       ??$use_facet@V?$numpunct@D@std@@@std@@YAAEBV?$numpunct@D@0@AEBVlocale@0@@Z 0000000180018f20 f i win32_phash.obj
 0001:00018050       ??$_get_permute_axes@M@?$CImg@M@cimg_library@@QEBA?AU01@QEBDAEBM@Z 0000000180019050 f i win32_phash.obj
 0001:00019d90       ??$fread@_N@cimg@cimg_library@@YAHQEA_NKPEAU_iobuf@@@Z 000000018001ad90 f i win32_phash.obj
 0001:00019ea0       ??$fread@E@cimg@cimg_library@@YAHQEAEKPEAU_iobuf@@@Z 000000018001aea0 f i win32_phash.obj
 0001:00019fb0       ??$fread@G@cimg@cimg_library@@YAHQEAGKPEAU_iobuf@@@Z 000000018001afb0 f i win32_phash.obj
 0001:0001a0c0       ??$fread@F@cimg@cimg_library@@YAHQEAFKPEAU_iobuf@@@Z 000000018001b0c0 f i win32_phash.obj
 0001:0001a1d0       ??$fread@I@cimg@cimg_library@@YAHQEAIKPEAU_iobuf@@@Z 000000018001b1d0 f i win32_phash.obj
 0001:0001a2e0       ??$fread@H@cimg@cimg_library@@YAHQEAHKPEAU_iobuf@@@Z 000000018001b2e0 f i win32_phash.obj
 0001:0001a3f0       ??$fread@K@cimg@cimg_library@@YAHQEAKKPEAU_iobuf@@@Z 000000018001b3f0 f i win32_phash.obj
 0001:0001a500       ??$fread@J@cimg@cimg_library@@YAHQEAJKPEAU_iobuf@@@Z 000000018001b500 f i win32_phash.obj
 0001:0001a610       ??$fread@M@cimg@cimg_library@@YAHQEAMKPEAU_iobuf@@@Z 000000018001b610 f i win32_phash.obj
 0001:0001a720       ??$fread@N@cimg@cimg_library@@YAHQEANKPEAU_iobuf@@@Z 000000018001b720 f i win32_phash.obj
 0001:0001a830       ?_Getcat@?$numpunct@D@std@@SA_KPEAPEBVfacet@locale@2@PEBV42@@Z 000000018001b830 f i win32_phash.obj
 0001:0001a8f0       ?_Getcat@?$num_put@DV?$ostreambuf_iterator@DU?$char_traits@D@std@@@std@@@std@@SA_KPEAPEBVfacet@locale@2@PEBV42@@Z 000000018001b8f0 f i win32_phash.obj
 0001:0001a9a0       ?assign@?$CImg@E@cimg_library@@QEAAAEAU12@QEBEIIII_N@Z 000000018001b9a0 f i win32_phash.obj
 0001:0001aa50       ?assign@?$CImg@E@cimg_library@@QEAAAEAU12@QEBEIIII@Z 000000018001ba50 f i win32_phash.obj
 0001:0001abc0       ?assign@?$CImg@M@cimg_library@@QEAAAEAU12@QEBMIIII_N@Z 000000018001bbc0 f i win32_phash.obj
 0001:0001ad10       ?assign@?$CImg@M@cimg_library@@QEAAAEAU12@QEBMIIII@Z 000000018001bd10 f i win32_phash.obj
 0001:0001aea0       ??0?$CImg@E@cimg_library@@QEAA@QEBEIIII_N@Z 000000018001bea0 f i win32_phash.obj
 0001:0001aea0       ??0?$CImg@M@cimg_library@@QEAA@QEBMIIII_N@Z 000000018001bea0 f i win32_phash.obj
 0001:0001af00       ?assign@?$CImg@D@cimg_library@@QEAAAEAU12@QEBDIIII_N@Z 000000018001bf00 f i win32_phash.obj
 0001:0001afb0       ?put@?$basic_ostream@DU?$char_traits@D@std@@@std@@QEAAAEAV12@D@Z 000000018001bfb0 f i win32_phash.obj
 0001:0001b100       ?widen@?$basic_ios@DU?$char_traits@D@std@@@std@@QEBADD@Z 000000018001c100 f i win32_phash.obj
 0001:0001b1a0       ?insert@?$CImgList@D@cimg_library@@QEAAAEAU12@AEBU?$CImg@D@2@I_N@Z 000000018001c1a0 f i win32_phash.obj
 0001:0001b430       ?mirror@?$CImg@M@cimg_library@@QEAAAEAU12@D@Z 000000018001c430 f i win32_phash.obj
 0001:0001b580       ?_Init@?$numpunct@D@std@@IEAAXAEBV_Locinfo@2@_N@Z 000000018001c580 f i win32_phash.obj
 0001:0001b700       ??$?0E@?$CImg@M@cimg_library@@QEAA@AEBU?$CImg@E@1@@Z 000000018001c700 f i win32_phash.obj
 0001:0001b870       ??$get_correlate@M@?$CImg@E@cimg_library@@QEBA?AU?$CImg@M@1@AEBU21@I_N@Z 000000018001c870 f i win32_phash.obj
 0001:0001e130       ?get_shared_channels@?$CImg@E@cimg_library@@QEBA?BU12@II@Z 000000018001f130 f i win32_phash.obj
 0001:0001e260       ?get_shared_channels@?$CImg@M@cimg_library@@QEBA?BU12@II@Z 000000018001f260 f i win32_phash.obj
 0001:0001e260       ?get_shared_channels@?$CImg@M@cimg_library@@QEAA?AU12@II@Z 000000018001f260 f i win32_phash.obj
 0001:0001e390       ??$?XM@?$CImg@M@cimg_library@@QEAAAEAU01@M@Z 000000018001f390 f i win32_phash.obj
 0001:0001e400       ??$assign@E@?$CImg@M@cimg_library@@QEAAAEAU01@QEBEIIII@Z 000000018001f400 f i win32_phash.obj
 0001:0001e59c       __imp_load_?ThrowException@Isolate@v8@@QEAA?AV?$Local@VValue@v8@@@2@V32@@Z 000000018001f59c f   node:node.exe
 0001:0001e5a8       __tailMerge_node_exe       000000018001f5a8 f i node:node.exe
 0001:0001e621       __imp_load_?GetCurrent@Isolate@v8@@SAPEAV12@XZ 000000018001f621 f   node:node.exe
 0001:0001e62d       __imp_load_??1HandleScope@v8@@QEAA@XZ 000000018001f62d f   node:node.exe
 0001:0001e639       __imp_load_??0HandleScope@v8@@QEAA@PEAVIsolate@1@@Z 000000018001f639 f   node:node.exe
 0001:0001e645       __imp_load_?TypeError@Exception@v8@@SA?AV?$Local@VValue@v8@@@2@V?$Local@VString@v8@@@2@@Z 000000018001f645 f   node:node.exe
 0001:0001e651       __imp_load_?GetFunction@FunctionTemplate@v8@@QEAA?AV?$Local@VFunction@v8@@@2@XZ 000000018001f651 f   node:node.exe
 0001:0001e65d       __imp_load_?New@FunctionTemplate@v8@@SA?AV?$Local@VFunctionTemplate@v8@@@2@PEAVIsolate@2@P6AXAEBV?$FunctionCallbackInfo@VValue@v8@@@2@@ZV?$Local@VValue@v8@@@2@V?$Local@VSignature@v8@@@2@H@Z 000000018001f65d f   node:node.exe
 0001:0001e669       __imp_load_??1Utf8Value@String@v8@@QEAA@XZ 000000018001f669 f   node:node.exe
 0001:0001e675       __imp_load_??0Utf8Value@String@v8@@QEAA@V?$Local@VValue@v8@@@2@@Z 000000018001f675 f   node:node.exe
 0001:0001e681       __imp_load_?NewFromUtf8@String@v8@@SA?AV?$Local@VString@v8@@@2@PEAVIsolate@2@PEBDW4NewStringType@12@H@Z 000000018001f681 f   node:node.exe
 0001:0001e68d       __imp_load_?New@Number@v8@@SA?AV?$Local@VNumber@v8@@@2@PEAVIsolate@2@N@Z 000000018001f68d f   node:node.exe
 0001:0001e699       __imp_load_?Set@Object@v8@@QEAA_NV?$Local@VValue@v8@@@2@0@Z 000000018001f699 f   node:node.exe
 0001:0001e6a5       __imp_load_?SetName@Function@v8@@QEAAXV?$Local@VString@v8@@@2@@Z 000000018001f6a5 f   node:node.exe
 0001:0001e6b1       __imp_load_node_module_register 000000018001f6b1 f   node:node.exe
 0001:0001e6bd       __imp_load_?ToString@Value@v8@@QEBA?AV?$Local@VString@v8@@@2@XZ 000000018001f6bd f   node:node.exe
 0001:0001e6cc       ??0_Init_locks@std@@QEAA@XZ 000000018001f6cc f   libcpmt:xlock.obj
 0001:0001e718       ??0_Lockit@std@@QEAA@H@Z   000000018001f718 f   libcpmt:xlock.obj
 0001:0001e754       ??1_Init_locks@std@@QEAA@XZ 000000018001f754 f   libcpmt:xlock.obj
 0001:0001e798       ??1_Lockit@std@@QEAA@XZ    000000018001f798 f   libcpmt:xlock.obj
 0001:0001e7cc       ??$use_facet@V?$codecvt@DDU_Mbstatet@@@std@@@std@@YAAEBV?$codecvt@DDU_Mbstatet@@@0@AEBVlocale@0@@Z 000000018001f7cc f i libcpmt:cout.obj
 0001:0001e904       ??0?$basic_ostream@DU?$char_traits@D@std@@@std@@QEAA@PEAV?$basic_streambuf@DU?$char_traits@D@std@@@1@_N@Z 000000018001f904 f i libcpmt:cout.obj
 0001:0001e9cc       ??0?$basic_streambuf@DU?$char_traits@D@std@@@std@@IEAA@XZ 000000018001f9cc f i libcpmt:cout.obj
 0001:0001ea7c       ??0_Init_cout@std@@QEAA@XZ 000000018001fa7c f i libcpmt:cout.obj
 0001:0001eae8       ??0bad_cast@std@@QEAA@AEBV01@@Z 000000018001fae8 f i libcpmt:cout.obj
 0001:0001eb28       ??0bad_cast@std@@QEAA@XZ   000000018001fb28 f i libcpmt:cout.obj
 0001:0001eb48       ??0exception@std@@QEAA@AEBV01@@Z 000000018001fb48 f i libcpmt:cout.obj
 0001:0001eb80       ??1?$basic_filebuf@DU?$char_traits@D@std@@@std@@UEAA@XZ 000000018001fb80 f i libcpmt:cout.obj
 0001:0001ec2c       ??1?$basic_ios@DU?$char_traits@D@std@@@std@@UEAA@XZ 000000018001fc2c f i libcpmt:cout.obj
 0001:0001ec50       ??1length_error@std@@UEAA@XZ 000000018001fc50 f i libcpmt:xthrow.obj
 0001:0001ec50       ??1bad_cast@std@@UEAA@XZ   000000018001fc50 f i libcpmt:cout.obj
 0001:0001ec50       ??1bad_array_new_length@std@@UEAA@XZ 000000018001fc50 f i LIBCMT:throw_bad_alloc.obj
 0001:0001ec50       ??1bad_exception@std@@UEAA@XZ 000000018001fc50 f i libvcruntime:frame.obj
 0001:0001ec50       ??1out_of_range@std@@UEAA@XZ 000000018001fc50 f i libcpmt:xthrow.obj
 0001:0001ec50       ??1bad_alloc@std@@UEAA@XZ  000000018001fc50 f i libcpmt:xthrow.obj
 0001:0001ec64       ??_E?$basic_ostream@DU?$char_traits@D@std@@@std@@$4PPPPPPPM@A@EAAPEAXI@Z 000000018001fc64 f i libcpmt:cout.obj
 0001:0001ec70       ??_E?$basic_filebuf@DU?$char_traits@D@std@@@std@@UEAAPEAXI@Z 000000018001fc70 f i libcpmt:cout.obj
 0001:0001ec70       ??_G?$basic_filebuf@DU?$char_traits@D@std@@@std@@UEAAPEAXI@Z 000000018001fc70 f i libcpmt:cout.obj
 0001:0001eca4       ??_G?$basic_ios@DU?$char_traits@D@std@@@std@@UEAAPEAXI@Z 000000018001fca4 f i libcpmt:cout.obj
 0001:0001eca4       ??_E?$basic_ios@DU?$char_traits@D@std@@@std@@UEAAPEAXI@Z 000000018001fca4 f i libcpmt:cout.obj
 0001:0001ecf0       ??_E?$basic_ostream@DU?$char_traits@D@std@@@std@@UEAAPEAXI@Z 000000018001fcf0 f i libcpmt:cout.obj
 0001:0001ecf0       ??_G?$basic_ostream@DU?$char_traits@D@std@@@std@@UEAAPEAXI@Z 000000018001fcf0 f i libcpmt:cout.obj
 0001:0001ed64       ??_G?$basic_streambuf@DU?$char_traits@D@std@@@std@@UEAAPEAXI@Z 000000018001fd64 f i libcpmt:cout.obj
 0001:0001ed64       ??_E?$basic_streambuf@DU?$char_traits@D@std@@@std@@UEAAPEAXI@Z 000000018001fd64 f i libcpmt:cout.obj
 0001:0001edb4       ??_Eout_of_range@std@@UEAAPEAXI@Z 000000018001fdb4 f i libcpmt:xthrow.obj
 0001:0001edb4       ??_Ebad_exception@std@@UEAAPEAXI@Z 000000018001fdb4 f i libvcruntime:frame.obj
 0001:0001edb4       ??_Ebad_cast@std@@UEAAPEAXI@Z 000000018001fdb4 f i libcpmt:cout.obj
 0001:0001edb4       ??_Gbad_exception@std@@UEAAPEAXI@Z 000000018001fdb4 f i libvcruntime:frame.obj
 0001:0001edb4       ??_Glength_error@std@@UEAAPEAXI@Z 000000018001fdb4 f i libcpmt:xthrow.obj
 0001:0001edb4       ??_Gexception@std@@UEAAPEAXI@Z 000000018001fdb4 f i libcpmt:cout.obj
 0001:0001edb4       ??_Gout_of_range@std@@UEAAPEAXI@Z 000000018001fdb4 f i libcpmt:xthrow.obj
 0001:0001edb4       ??_Eexception@std@@UEAAPEAXI@Z 000000018001fdb4 f i libcpmt:cout.obj
 0001:0001edb4       ??_Gbad_cast@std@@UEAAPEAXI@Z 000000018001fdb4 f i libcpmt:cout.obj
 0001:0001edb4       ??_Ebad_array_new_length@std@@UEAAPEAXI@Z 000000018001fdb4 f i LIBCMT:throw_bad_alloc.obj
 0001:0001edb4       ??_Elogic_error@std@@UEAAPEAXI@Z 000000018001fdb4 f i libcpmt:xthrow.obj
 0001:0001edb4       ??_Gbad_array_new_length@std@@UEAAPEAXI@Z 000000018001fdb4 f i LIBCMT:throw_bad_alloc.obj
 0001:0001edb4       ??_Elength_error@std@@UEAAPEAXI@Z 000000018001fdb4 f i libcpmt:xthrow.obj
 0001:0001edb4       ??_Gbad_alloc@std@@UEAAPEAXI@Z 000000018001fdb4 f i libcpmt:xthrow.obj
 0001:0001edb4       ??_Glogic_error@std@@UEAAPEAXI@Z 000000018001fdb4 f i libcpmt:xthrow.obj
 0001:0001edb4       ??_Ebad_alloc@std@@UEAAPEAXI@Z 000000018001fdb4 f i libcpmt:xthrow.obj
 0001:0001edf8       ??_Eios_base@std@@UEAAPEAXI@Z 000000018001fdf8 f i libcpmt:cout.obj
 0001:0001edf8       ??_Gios_base@std@@UEAAPEAXI@Z 000000018001fdf8 f i libcpmt:cout.obj
 0001:0001ee44       ??_Glocale@std@@QEAAPEAXI@Z 000000018001fe44 f i libcpmt:cout.obj
 0001:0001eed4       ?_Endwrite@?$basic_filebuf@DU?$char_traits@D@std@@@std@@IEAA_NXZ 000000018001fed4 f i libcpmt:cout.obj
 0001:0001f088       ?_Getcat@?$codecvt@DDU_Mbstatet@@@std@@SA_KPEAPEBVfacet@locale@2@PEBV42@@Z 0000000180020088 f i libcpmt:cout.obj
 0001:0001f14c       ?_Init@?$basic_filebuf@DU?$char_traits@D@std@@@std@@IEAAXPEAU_iobuf@@W4_Initfl@12@@Z 000000018002014c f i libcpmt:cout.obj
 0001:0001f238       ?_Init@ios_base@std@@IEAAXXZ 0000000180020238 f i libcpmt:cout.obj
 0001:0001f2b8       ?_Initcvt@?$basic_filebuf@DU?$char_traits@D@std@@@std@@IEAAXPEBV?$codecvt@DDU_Mbstatet@@@2@@Z 00000001800202b8 f i libcpmt:cout.obj
 0001:0001f358       ?_Lock@?$basic_filebuf@DU?$char_traits@D@std@@@std@@UEAAXXZ 0000000180020358 f i libcpmt:cout.obj
 0001:0001f374       ?_Unlock@?$basic_filebuf@DU?$char_traits@D@std@@@std@@UEAAXXZ 0000000180020374 f i libcpmt:cout.obj
 0001:0001f390       __acrt_uninitialize_command_line 0000000180020390 f i libucrt:argv_data.obj
 0001:0001f390       ?do_always_noconv@?$codecvt@DDU_Mbstatet@@@std@@MEBA_NXZ 0000000180020390 f i libcpmt:cout.obj
 0001:0001f394       _get_startup_argv_mode     0000000180020394 f i LIBCMT:argv_mode.obj
 0001:0001f394       ?do_max_length@codecvt_base@std@@MEBAHXZ 0000000180020394 f i libcpmt:cout.obj
 0001:0001f394       ?do_encoding@codecvt_base@std@@MEBAHXZ 0000000180020394 f i libcpmt:cout.obj
 0001:0001f394       DllMain                    0000000180020394 f i LIBCMT:dll_dllmain_stub.obj
 0001:0001f39c       ?do_out@?$codecvt@DDU_Mbstatet@@@std@@MEBAHAEAU_Mbstatet@@PEBD1AEAPEBDPEAD3AEAPEAD@Z 000000018002039c f i libcpmt:cout.obj
 0001:0001f39c       ?do_in@?$codecvt@DDU_Mbstatet@@@std@@MEBAHAEAU_Mbstatet@@PEBD1AEAPEBDPEAD3AEAPEAD@Z 000000018002039c f i libcpmt:cout.obj
 0001:0001f3b8       ?do_length@?$codecvt@DDU_Mbstatet@@@std@@MEBAHAEAU_Mbstatet@@PEBD1_K@Z 00000001800203b8 f i libcpmt:cout.obj
 0001:0001f3cc       ?do_unshift@?$codecvt@DDU_Mbstatet@@@std@@MEBAHAEAU_Mbstatet@@PEAD1AEAPEAD@Z 00000001800203cc f i libcpmt:cout.obj
 0001:0001f3d8       ?imbue@?$basic_filebuf@DU?$char_traits@D@std@@@std@@MEAAXAEBVlocale@2@@Z 00000001800203d8 f i libcpmt:cout.obj
 0001:0001f3fc       ?overflow@?$basic_filebuf@DU?$char_traits@D@std@@@std@@MEAAHH@Z 00000001800203fc f i libcpmt:cout.obj
 0001:0001f654       ?pbackfail@?$basic_filebuf@DU?$char_traits@D@std@@@std@@MEAAHH@Z 0000000180020654 f i libcpmt:cout.obj
 0001:0001f724       ?pbackfail@?$basic_streambuf@DU?$char_traits@D@std@@@std@@MEAAHH@Z 0000000180020724 f i libcpmt:cout.obj
 0001:0001f724       ?underflow@?$basic_streambuf@DU?$char_traits@D@std@@@std@@MEAAHXZ 0000000180020724 f i libcpmt:cout.obj
 0001:0001f724       ?overflow@?$basic_streambuf@DU?$char_traits@D@std@@@std@@MEAAHH@Z 0000000180020724 f i libcpmt:cout.obj
 0001:0001f728       ?seekoff@?$basic_filebuf@DU?$char_traits@D@std@@@std@@MEAA?AV?$fpos@U_Mbstatet@@@2@_JHH@Z 0000000180020728 f i libcpmt:cout.obj
 0001:0001f814       ?seekpos@?$basic_streambuf@DU?$char_traits@D@std@@@std@@MEAA?AV?$fpos@U_Mbstatet@@@2@V32@H@Z 0000000180020814 f i libcpmt:cout.obj
 0001:0001f814       ?seekoff@?$basic_streambuf@DU?$char_traits@D@std@@@std@@MEAA?AV?$fpos@U_Mbstatet@@@2@_JHH@Z 0000000180020814 f i libcpmt:cout.obj
 0001:0001f830       ?seekpos@?$basic_filebuf@DU?$char_traits@D@std@@@std@@MEAA?AV?$fpos@U_Mbstatet@@@2@V32@H@Z 0000000180020830 f i libcpmt:cout.obj
 0001:0001f930       ?setbuf@?$basic_filebuf@DU?$char_traits@D@std@@@std@@MEAAPEAV?$basic_streambuf@DU?$char_traits@D@std@@@2@PEAD_J@Z 0000000180020930 f i libcpmt:cout.obj
 0001:0001f984       ?setbuf@?$basic_streambuf@DU?$char_traits@D@std@@@std@@MEAAPEAV12@PEAD_J@Z 0000000180020984 f i libcpmt:cout.obj
 0001:0001f988       ?sync@?$basic_streambuf@DU?$char_traits@D@std@@@std@@MEAAHXZ 0000000180020988 f i libcpmt:cout.obj
 0001:0001f988       ?showmanyc@?$basic_streambuf@DU?$char_traits@D@std@@@std@@MEAA_JXZ 0000000180020988 f i libcpmt:cout.obj
 0001:0001f98c       ?sync@?$basic_filebuf@DU?$char_traits@D@std@@@std@@MEAAHXZ 000000018002098c f i libcpmt:cout.obj
 0001:0001f9ec       ?uflow@?$basic_filebuf@DU?$char_traits@D@std@@@std@@MEAAHXZ 00000001800209ec f i libcpmt:cout.obj
 0001:0001fc84       ?uflow@?$basic_streambuf@DU?$char_traits@D@std@@@std@@MEAAHXZ 0000000180020c84 f i libcpmt:cout.obj
 0001:0001fcd0       ?underflow@?$basic_filebuf@DU?$char_traits@D@std@@@std@@MEAAHXZ 0000000180020cd0 f i libcpmt:cout.obj
 0001:0001fd48       ?what@exception@std@@UEBAPEBDXZ 0000000180020d48 f i libcpmt:cout.obj
 0001:0001fd5c       ?xsgetn@?$basic_streambuf@DU?$char_traits@D@std@@@std@@MEAA_JPEAD_J@Z 0000000180020d5c f i libcpmt:cout.obj
 0001:0001fe1c       ?xsputn@?$basic_streambuf@DU?$char_traits@D@std@@@std@@MEAA_JPEBD_J@Z 0000000180020e1c f i libcpmt:cout.obj
 0001:0001fee0       ??4?$_Yarn@D@std@@QEAAAEAV01@PEBD@Z 0000000180020ee0 f i libcpmt:locale0.obj
 0001:0001ff58       ??_G_Fac_node@std@@QEAAPEAXI@Z 0000000180020f58 f i libcpmt:locale0.obj
 0001:0001ffe4       ??_E_Locimp@locale@std@@MEAAPEAXI@Z 0000000180020fe4 f i libcpmt:locale0.obj
 0001:0001ffe4       ??_G_Locimp@locale@std@@MEAAPEAXI@Z 0000000180020fe4 f i libcpmt:locale0.obj
 0001:00020050       ?_Facet_Register@std@@YAXPEAV_Facet_base@1@@Z 0000000180021050 f   libcpmt:locale0.obj
 0001:00020088       ?_Getgloballocale@locale@std@@CAPEAV_Locimp@12@XZ 0000000180021088 f   libcpmt:locale0.obj
 0001:00020090       ?_Init@locale@std@@CAPEAV_Locimp@12@_N@Z 0000000180021090 f   libcpmt:locale0.obj
 0001:0002014c       ?_Locimp_dtor@_Locimp@locale@std@@CAXPEAV123@@Z 000000018002114c f   libcpmt:locale0.obj
 0001:000201f4       ?_Locinfo_ctor@_Locinfo@std@@SAXPEAV12@PEBD@Z 00000001800211f4 f   libcpmt:locale0.obj
 0001:00020260       ?_Locinfo_dtor@_Locinfo@std@@SAXPEAV12@@Z 0000000180021260 f   libcpmt:locale0.obj
 0001:00020284       ?_New_Locimp@_Locimp@locale@std@@CAPEAV123@_N@Z 0000000180021284 f   libcpmt:locale0.obj
 0001:000202f4       ?_Setgloballocale@locale@std@@CAXPEAX@Z 00000001800212f4 f   libcpmt:locale0.obj
 0001:00020328       _Deletegloballocale        0000000180021328 f   libcpmt:locale0.obj
 0001:000203b0       ??0bad_alloc@std@@QEAA@AEBV01@@Z 00000001800213b0 f i libcpmt:xthrow.obj
 0001:000203f0       ??0bad_alloc@std@@QEAA@XZ  00000001800213f0 f i libcpmt:xthrow.obj
 0001:00020410       ??0length_error@std@@QEAA@AEBV01@@Z 0000000180021410 f i libcpmt:xthrow.obj
 0001:00020450       ??0length_error@std@@QEAA@PEBD@Z 0000000180021450 f i libcpmt:xthrow.obj
 0001:0002049c       ??0logic_error@std@@QEAA@AEBV01@@Z 000000018002149c f i libcpmt:xthrow.obj
 0001:000204dc       ??0out_of_range@std@@QEAA@AEBV01@@Z 00000001800214dc f i libcpmt:xthrow.obj
 0001:0002051c       ??0out_of_range@std@@QEAA@PEBD@Z 000000018002151c f i libcpmt:xthrow.obj
 0001:00020568       ?_Xbad_alloc@std@@YAXXZ    0000000180021568 f   libcpmt:xthrow.obj
 0001:00020568       ?__scrt_throw_std_bad_alloc@@YAXXZ 0000000180021568 f   LIBCMT:throw_bad_alloc.obj
 0001:00020588       ?_Xlength_error@std@@YAXPEBD@Z 0000000180021588 f   libcpmt:xthrow.obj
 0001:000205ac       ?_Xout_of_range@std@@YAXPEBD@Z 00000001800215ac f   libcpmt:xthrow.obj
 0001:000205d0       ?_Syserror_map@std@@YAPEBDH@Z 00000001800215d0 f   libcpmt:syserror.obj
 0001:000205f8       _Getctype                  00000001800215f8 f   libcpmt:_tolower.obj
 0001:000206b8       _Tolower                   00000001800216b8 f   libcpmt:_tolower.obj
 0001:000207e0       _Getcvt                    00000001800217e0 f   libcpmt:xwctomb.obj
 0001:00020870       _Toupper                   0000000180021870 f   libcpmt:_toupper.obj
 0001:000209a8       _Mtxdst                    00000001800219a8 f   libcpmt:xmtx.obj
 0001:000209b0       _Mtxinit                   00000001800219b0 f   libcpmt:xmtx.obj
 0001:000209c0       _Mtxlock                   00000001800219c0 f   libcpmt:xmtx.obj
 0001:000209c8       _Mtxunlock                 00000001800219c8 f   libcpmt:xmtx.obj
 0001:000209d0       ?_Addstd@ios_base@std@@SAXPEAV12@@Z 00000001800219d0 f   libcpmt:ios.obj
 0001:00020a40       ?_Ios_base_dtor@ios_base@std@@CAXPEAV12@@Z 0000000180021a40 f   libcpmt:ios.obj
 0001:00020a84       ?_Tidy@ios_base@std@@AEAAXXZ 0000000180021a84 f i libcpmt:ios.obj
 0001:00020b14       ?_Atexit@@YAXP6AXXZ@Z      0000000180021b14 f   libcpmt:iosptrs.obj
 0001:00020b54       __crtLCMapStringA          0000000180021b54 f   libcpmt:StlLCMapStringA.obj
 0001:00021318       __crtInitializeCriticalSectionEx 0000000180022318 f   libcpmt:winapisupp.obj
 0001:00021378       GetTableIndexFromLocaleName 0000000180022378 f   libcpmt:winapinls.obj
 0001:00021404       __crtDownlevelLocaleNameToLCID 0000000180022404 f   libcpmt:winapinls.obj
 0001:00021438       __crtLCMapStringEx         0000000180022438 f   libcpmt:winapinls.obj
 0001:000214f4       __wcsnicmp_ascii           00000001800224f4 f   libcpmt:winapinls.obj
 0001:00021560       __security_check_cookie    0000000180022560 f   LIBCMT:_amdsecgs_.obj
 0001:00021584       ??3@YAXPEAX_K@Z            0000000180022584 f   LIBCMT:delete_scalar_size.obj
 0001:00021584       ??_V@YAXPEAX@Z             0000000180022584 f   LIBCMT:delete_array.obj
 0001:0002158c       ??_V@YAXPEAX_K@Z           000000018002258c f   LIBCMT:delete_array_size.obj
 0001:000216dc       _Init_thread_footer        00000001800226dc f   LIBCMT:thread_safe_statics.obj
 0001:0002173c       _Init_thread_header        000000018002273c f   LIBCMT:thread_safe_statics.obj
 0001:000217a4       _Init_thread_notify        00000001800227a4 f   LIBCMT:thread_safe_statics.obj
 0001:00021800       _Init_thread_wait          0000000180022800 f   LIBCMT:thread_safe_statics.obj
 0001:00021898       ??2@YAPEAX_K@Z             0000000180022898 f   LIBCMT:new_scalar.obj
 0001:000218d4       __scrt_acquire_startup_lock 00000001800228d4 f   LIBCMT:utility.obj
 0001:00021910       __scrt_dllmain_after_initialize_c 0000000180022910 f   LIBCMT:utility.obj
 0001:00021944       __scrt_dllmain_before_initialize_c 0000000180022944 f   LIBCMT:utility.obj
 0001:0002195c       __scrt_dllmain_crt_thread_attach 000000018002295c f   LIBCMT:utility.obj
 0001:00021984       __scrt_dllmain_crt_thread_detach 0000000180022984 f   LIBCMT:utility.obj
 0001:0002199c       __scrt_dllmain_exception_filter 000000018002299c f   LIBCMT:utility.obj
 0001:00021a00       __scrt_dllmain_uninitialize_c 0000000180022a00 f   LIBCMT:utility.obj
 0001:00021a30       __scrt_dllmain_uninitialize_critical 0000000180022a30 f   LIBCMT:utility.obj
 0001:00021a44       __scrt_initialize_crt      0000000180022a44 f   LIBCMT:utility.obj
 0001:00021a90       __scrt_initialize_onexit_tables 0000000180022a90 f   LIBCMT:utility.obj
 0001:00021b5c       __scrt_is_nonwritable_in_current_image 0000000180022b5c f   LIBCMT:utility.obj
 0001:00021bf8       __scrt_release_startup_lock 0000000180022bf8 f   LIBCMT:utility.obj
 0001:00021c1c       __scrt_uninitialize_crt    0000000180022c1c f   LIBCMT:utility.obj
 0001:00021c48       _onexit                    0000000180022c48 f   LIBCMT:utility.obj
 0001:00021c98       atexit                     0000000180022c98 f   LIBCMT:utility.obj
 0001:00021cb0       ??3@YAXPEAX@Z              0000000180022cb0 f   LIBCMT:delete_scalar.obj
 0001:00021cb8       ??_U@YAPEAX_K@Z            0000000180022cb8 f   LIBCMT:new_array.obj
 0001:00021cc0       ??_Gtype_info@@UEAAPEAXI@Z 0000000180022cc0 f i LIBCMT:std_type_info_static.obj
 0001:00021cc0       ??_Etype_info@@UEAAPEAXI@Z 0000000180022cc0 f i LIBCMT:std_type_info_static.obj
 0001:0002205c       _DllMainCRTStartup         000000018002305c f   LIBCMT:dll_dllmain.obj
 0001:0002209c       __GSHandlerCheck           000000018002309c f   LIBCMT:_gshandler_.obj
 0001:000220bc       __GSHandlerCheckCommon     00000001800230bc f   LIBCMT:_gshandler_.obj
 0001:00022118       __GSHandlerCheck_EH        0000000180023118 f   LIBCMT:gshandlereh.obj
 0001:000221a8       _guard_check_icall         00000001800231a8 f i LIBCMT:checkcfg.obj
 0001:000221c0       __chkstk                   00000001800231c0 f   LIBCMT:_chkstk_.obj
 0001:000221c0       _alloca_probe              00000001800231c0 f   LIBCMT:_chkstk_.obj
 0001:00022214       __raise_securityfailure    0000000180023214 f   LIBCMT:gs_report.obj
 0001:00022248       __report_gsfailure         0000000180023248 f   LIBCMT:gs_report.obj
 0001:0002231c       __report_rangecheckfailure 000000018002331c f   LIBCMT:gs_report.obj
 0001:00022330       __report_securityfailure   0000000180023330 f   LIBCMT:gs_report.obj
 0001:000224b0       __crt_debugger_hook        00000001800234b0 f   LIBCMT:utility_desktop.obj
 0001:000224b8       __scrt_fastfail            00000001800234b8 f   LIBCMT:utility_desktop.obj
 0001:00022600       ??0bad_array_new_length@std@@QEAA@AEBV01@@Z 0000000180023600 f i LIBCMT:throw_bad_alloc.obj
 0001:00022640       ??0bad_array_new_length@std@@QEAA@XZ 0000000180023640 f i LIBCMT:throw_bad_alloc.obj
 0001:00022660       ?__scrt_throw_std_bad_array_new_length@@YAXXZ 0000000180023660 f   LIBCMT:throw_bad_alloc.obj
 0001:00022680       __isa_available_init       0000000180023680 f   LIBCMT:_cpu_disp_.obj
 0001:00022844       __scrt_is_ucrt_dll_in_use  0000000180023844 f   LIBCMT:ucrt_detection.obj
 0001:00022850       __security_init_cookie     0000000180023850 f   LIBCMT:gs_support.obj
 0001:000228fc       ?__scrt_initialize_type_info@@YAXXZ 00000001800238fc f   LIBCMT:tncleanup.obj
 0001:0002290c       ?__scrt_uninitialize_type_info@@YAXXZ 000000018002390c f   LIBCMT:tncleanup.obj
 0001:00022918       __scrt_initialize_default_local_stdio_options 0000000180023918 f   LIBCMT:default_local_stdio_options.obj
 0001:00022934       __scrt_get_dyn_tls_init_callback 0000000180023934 f   LIBCMT:dyn_tls_init.obj
 0001:0002293c       _RTC_Initialize            000000018002393c f   LIBCMT:_initsect_.obj
 0001:00022988       _RTC_Terminate             0000000180023988 f   LIBCMT:_initsect_.obj
 0001:000229f0       memcpy                     00000001800239f0 f   libvcruntime:memcpy.obj
 0001:000229f0       memmove                    00000001800239f0 f   libvcruntime:memcpy.obj
 0001:00022e28       _purecall                  0000000180023e28 f   libvcruntime:purevirt.obj
 0001:00022e64       strchr                     0000000180023e64 f   libvcruntime:strchr.obj
 0001:00022ef0       __DestructExceptionObject  0000000180023ef0 f   libvcruntime:frame.obj
 0001:00022f78       ??0bad_exception@std@@QEAA@AEBV01@@Z 0000000180023f78 f i libvcruntime:frame.obj
 0001:00022fb8       ??0bad_exception@std@@QEAA@XZ 0000000180023fb8 f i libvcruntime:frame.obj
 0001:00023918       ?_CallMemberFunction0@@YAXPEAXP6AX0@Z@Z 0000000180024918 f i libvcruntime:frame.obj
 0001:0002391c       ?_CallMemberFunction1@@YAXPEAXP6AX0@Z0@Z 000000018002491c f i libvcruntime:frame.obj
 0001:00023928       ?_CallMemberFunction2@@YAXPEAXP6AX0@Z0H@Z 0000000180024928 f i libvcruntime:frame.obj
 0001:00023938       __AdjustPointer            0000000180024938 f   libvcruntime:frame.obj
 0001:0002395c       __BuildCatchObject         000000018002495c f   libvcruntime:frame.obj
 0001:00023a24       __BuildCatchObjectHelper   0000000180024a24 f   libvcruntime:frame.obj
 0001:00023c08       __CxxCallCatchBlock        0000000180024c08 f   libvcruntime:frame.obj
 0001:00023df4       __FrameUnwindFilter        0000000180024df4 f   libvcruntime:frame.obj
 0001:00023e40       __FrameUnwindToState       0000000180024e40 f   libvcruntime:frame.obj
 0001:00023fd4       __InternalCxxFrameHandler  0000000180024fd4 f   libvcruntime:frame.obj
 0001:0002422c       __TypeMatch                000000018002522c f   libvcruntime:frame.obj
 0001:0002436c       __std_terminate            000000018002536c f   libvcruntime:frame.obj
 0001:00024378       __std_exception_copy       0000000180025378 f   libvcruntime:std_exception.obj
 0001:00024408       __std_exception_destroy    0000000180025408 f   libvcruntime:std_exception.obj
 0001:00024430       _CxxThrowException         0000000180025430 f   libvcruntime:throw.obj
 0001:00024508       ?_GetEstablisherFrame@@YAPEA_KPEA_KPEAU_xDISPATCHER_CONTEXT@@PEBU_s_FuncInfo@@0@Z 0000000180025508 f   libvcruntime:trnsctrl.obj
 0001:000245d4       ?_GetRangeOfTrysToCheck@@YAPEBU_s_TryBlockMapEntry@@PEA_KPEBU_s_FuncInfo@@HHPEAI2PEAU_xDISPATCHER_CONTEXT@@@Z 00000001800255d4 f   libvcruntime:trnsctrl.obj
 0001:00024700       ?__FrameUnwindToEmptyState@@YAXPEA_KPEAU_xDISPATCHER_CONTEXT@@PEBU_s_FuncInfo@@@Z 0000000180025700 f   libvcruntime:trnsctrl.obj
 0001:00024794       ?__SehTransFilter@@YAHPEAU_EXCEPTION_POINTERS@@PEAUEHExceptionRecord@@PEA_KPEAU_CONTEXT@@PEAU_xDISPATCHER_CONTEXT@@PEBU_s_FuncInfo@@PEAH@Z 0000000180025794 f   libvcruntime:trnsctrl.obj
 0001:0002482c       _CallSETranslator          000000018002582c f   libvcruntime:trnsctrl.obj
 0001:00024884       _CreateFrameInfo           0000000180025884 f   libvcruntime:trnsctrl.obj
 0001:000248c0       _FindAndUnlinkFrame        00000001800258c0 f   libvcruntime:trnsctrl.obj
 0001:00024918       _GetImageBase              0000000180025918 f   libvcruntime:trnsctrl.obj
 0001:0002492c       _GetThrowImageBase         000000018002592c f   libvcruntime:trnsctrl.obj
 0001:00024940       _IsExceptionObjectToBeDestroyed 0000000180025940 f   libvcruntime:trnsctrl.obj
 0001:00024970       _SetImageBase              0000000180025970 f   libvcruntime:trnsctrl.obj
 0001:00024988       _SetThrowImageBase         0000000180025988 f   libvcruntime:trnsctrl.obj
 0001:000249a0       _UnwindNestedFrames        00000001800259a0 f   libvcruntime:trnsctrl.obj
 0001:00024ac4       __CxxFrameHandler3         0000000180025ac4 f   libvcruntime:trnsctrl.obj
 0001:00024b60       memset                     0000000180025b60 f   libvcruntime:memset.obj
 0001:00024d10       memcmp                     0000000180025d10 f   libvcruntime:memcmp.obj
 0001:00024fa0       __vcrt_EventRegister       0000000180025fa0 f   libvcruntime:winapi_downlevel.obj
 0001:00025024       __vcrt_EventSetInformation 0000000180026024 f   libvcruntime:winapi_downlevel.obj
 0001:000250a8       __vcrt_EventUnregister     00000001800260a8 f   libvcruntime:winapi_downlevel.obj
 0001:000250fc       __vcrt_EventWriteTransfer  00000001800260fc f   libvcruntime:winapi_downlevel.obj
 0001:00025194       __vcrt_FlsAlloc            0000000180026194 f   libvcruntime:winapi_downlevel.obj
 0001:000251e8       __vcrt_FlsFree             00000001800261e8 f   libvcruntime:winapi_downlevel.obj
 0001:0002523c       __vcrt_FlsGetValue         000000018002623c f   libvcruntime:winapi_downlevel.obj
 0001:00025290       __vcrt_FlsSetValue         0000000180026290 f   libvcruntime:winapi_downlevel.obj
 0001:000252f8       __vcrt_InitializeCriticalSectionEx 00000001800262f8 f   libvcruntime:winapi_downlevel.obj
 0001:00025370       __vcrt_initialize_winapi_thunks 0000000180026370 f   libvcruntime:winapi_downlevel.obj
 0001:000253a8       __vcrt_uninitialize_winapi_thunks 00000001800263a8 f   libvcruntime:winapi_downlevel.obj
 0001:000253e8       __vcrt_initialize          00000001800263e8 f   libvcruntime:initialization.obj
 0001:00025420       __vcrt_thread_attach       0000000180026420 f   libvcruntime:initialization.obj
 0001:00025434       __vcrt_thread_detach       0000000180026434 f   libvcruntime:initialization.obj
 0001:00025448       __vcrt_uninitialize        0000000180026448 f   libvcruntime:initialization.obj
 0001:00025474       __vcrt_uninitialize_critical 0000000180026474 f   libvcruntime:initialization.obj
 0001:00025484       __C_specific_handler       0000000180026484 f   libvcruntime:_chandler_.obj
 0001:00025684       __telemetry_main_invoke_trigger 0000000180026684 f   libvcruntime:telemetry.obj
 0001:0002579c       __telemetry_main_return_trigger 000000018002679c f   libvcruntime:telemetry.obj
 0001:000258b4       __vcrt_initialize_telemetry_provider 00000001800268b4 f   libvcruntime:telemetry.obj
 0001:000258c8       __vcrt_uninitialize_telemetry_provider 00000001800268c8 f   libvcruntime:telemetry.obj
 0001:000258e8       __std_type_info_compare    00000001800268e8 f   libvcruntime:std_type_info.obj
 0001:00025910       __std_type_info_destroy_list 0000000180026910 f   libvcruntime:std_type_info.obj
 0001:0002593c       __vcrt_initialize_pure_virtual_call_handler 000000018002693c f   libvcruntime:purevirt_data.obj
 0001:00025960       __vcrt_freefls             0000000180026960 f   libvcruntime:per_thread_data.obj
 0001:00025980       __vcrt_freeptd             0000000180026980 f   libvcruntime:per_thread_data.obj
 0001:000259d0       __vcrt_getptd              00000001800269d0 f   libvcruntime:per_thread_data.obj
 0001:000259ec       __vcrt_getptd_noexit       00000001800269ec f   libvcruntime:per_thread_data.obj
 0001:00025aa4       __vcrt_initialize_ptd      0000000180026aa4 f   libvcruntime:per_thread_data.obj
 0001:00025ae4       __vcrt_uninitialize_ptd    0000000180026ae4 f   libvcruntime:per_thread_data.obj
 0001:00025b08       ?__GetCurrentState@@YAHPEA_KPEAU_xDISPATCHER_CONTEXT@@PEBU_s_FuncInfo@@@Z 0000000180026b08 f   libvcruntime:ehstate.obj
 0001:00025b30       ?__GetUnwindTryBlock@@YAHPEA_KPEAU_xDISPATCHER_CONTEXT@@PEBU_s_FuncInfo@@@Z 0000000180026b30 f   libvcruntime:ehstate.obj
 0001:00025b5c       ?__SetState@@YAXPEA_KPEAU_xDISPATCHER_CONTEXT@@PEBU_s_FuncInfo@@H@Z 0000000180026b5c f   libvcruntime:ehstate.obj
 0001:00025b68       ?__SetUnwindTryBlock@@YAXPEA_KPEAU_xDISPATCHER_CONTEXT@@PEBU_s_FuncInfo@@H@Z 0000000180026b68 f   libvcruntime:ehstate.obj
 0001:00025ba4       ?__StateFromControlPc@@YAHPEBU_s_FuncInfo@@PEAU_xDISPATCHER_CONTEXT@@@Z 0000000180026ba4 f   libvcruntime:ehstate.obj
 0001:00025bac       ?__StateFromIp@@YAHPEBU_s_FuncInfo@@PEAU_xDISPATCHER_CONTEXT@@_J@Z 0000000180026bac f   libvcruntime:ehstate.obj
 0001:00025c30       _CallSettingFrame          0000000180026c30 f   libvcruntime:handlers.obj
 0001:00025c80       _local_unwind              0000000180026c80 f   libvcruntime:_jmpuwind_.obj
 0001:00025cb0       _NLG_Notify                0000000180026cb0 f   libvcruntime:_jmpuwind_.obj
 0001:00025cd0       __NLG_Dispatch2            0000000180026cd0 f   libvcruntime:_jmpuwind_.obj
 0001:00025ce0       __NLG_Return2              0000000180026ce0 f   libvcruntime:_jmpuwind_.obj
 0001:00025ce4       __vcrt_initialize_locks    0000000180026ce4 f   libvcruntime:locks.obj
 0001:00025d2c       __vcrt_uninitialize_locks  0000000180026d2c f   libvcruntime:locks.obj
 0001:0002628c       _ftelli64                  000000018002728c f   libucrt:ftell.obj
 0001:00026294       _ftelli64_nolock           0000000180027294 f   libucrt:ftell.obj
 0001:0002629c       ftell                      000000018002729c f   libucrt:ftell.obj
 0001:000262a4       abort                      00000001800272a4 f   libucrt:abort.obj
 0001:000262fc       calloc                     00000001800272fc f   libucrt:calloc.obj
 0001:00026304       rand                       0000000180027304 f   libucrt:rand.obj
 0001:00026330       srand                      0000000180027330 f   libucrt:rand.obj
 0001:00026418       fopen                      0000000180027418 f   libucrt:fopen.obj
 0001:00026424       __acrt_initialize_stdio    0000000180027424 f   libucrt:_file.obj
 0001:00026544       __acrt_iob_func            0000000180027544 f   libucrt:_file.obj
 0001:00026558       __acrt_uninitialize_stdio  0000000180027558 f   libucrt:_file.obj
 0001:000265b4       _get_stream_buffer_pointers 00000001800275b4 f   libucrt:_file.obj
 0001:000265fc       _lock_file                 00000001800275fc f   libucrt:_file.obj
 0001:00026608       _unlock_file               0000000180027608 f   libucrt:_file.obj
 0001:00026614       __acrt_call_reportfault    0000000180027614 f   libucrt:invalid_parameter.obj
 0001:00026770       __acrt_initialize_invalid_parameter_handler 0000000180027770 f   libucrt:invalid_parameter.obj
 0001:00026778       _invalid_parameter         0000000180027778 f   libucrt:invalid_parameter.obj
 0001:00026820       _invalid_parameter_noinfo  0000000180027820 f   libucrt:invalid_parameter.obj
 0001:00026840       _invalid_parameter_noinfo_noreturn 0000000180027840 f   libucrt:invalid_parameter.obj
 0001:00026870       _invoke_watson             0000000180027870 f   libucrt:invalid_parameter.obj
 0001:000268b8       _getpid                    00000001800278b8 f   libucrt:getpid.obj
 0001:000268c0       _fclose_nolock             00000001800278c0 f   libucrt:fclose.obj
 0001:00026944       fclose                     0000000180027944 f   libucrt:fclose.obj
 0001:000269b0       remove                     00000001800279b0 f   libucrt:unlink.obj
 0001:00026c70       _fseeki64                  0000000180027c70 f   libucrt:fseek.obj
 0001:00026c78       fseek                      0000000180027c78 f   libucrt:fseek.obj
 0001:00026c80       strcspn                    0000000180027c80 f   libucrt:strcspn.obj
 0001:00026d20       ??$?RV<lambda_aa279a7bcb127014629d5b1d62c7325d>@@AEAV<lambda_0a64b6a4deda75c01876f29c44fc5eb3>@@V<lambda_3323e69fbefe9d1a11713e670d47cdfa>@@@?$__crt_seh_guarded_call@H@@QEAAH$$QEAV<lambda_aa279a7bcb127014629d5b1d62c7325d>@@AEAV<lambda_0a64b6a4deda75c01876f29c44fc5eb3>@@$$QEAV<lambda_3323e69fbefe9d1a11713e670d47cdfa>@@@Z 0000000180027d20 f i libucrt:output.obj
 0001:00026f08       ??$ensure_buffer_is_big_enough@D@formatting_buffer@__crt_stdio_output@@QEAA_N_K@Z 0000000180027f08 f i libucrt:output.obj
 0001:00026fb4       ??$is_wide_character_specifier@D@__crt_stdio_output@@YA_N_KDW4length_modifier@0@@Z 0000000180027fb4 f i libucrt:output.obj
 0001:00026fe4       ??$type_case_integer_parse_into_buffer@I@?$output_processor@DV?$string_output_adapter@D@__crt_stdio_output@@V?$format_validation_base@DV?$string_output_adapter@D@__crt_stdio_output@@@2@@__crt_stdio_output@@AEAAXII_N@Z 0000000180027fe4 f i libucrt:output.obj
 0001:00026fe4       ??$type_case_integer_parse_into_buffer@I@?$output_processor@DV?$stream_output_adapter@D@__crt_stdio_output@@V?$standard_base@DV?$stream_output_adapter@D@__crt_stdio_output@@@2@@__crt_stdio_output@@AEAAXII_N@Z 0000000180027fe4 f i libucrt:output.obj
 0001:00026fe4       ??$type_case_integer_parse_into_buffer@I@?$output_processor@DV?$string_output_adapter@D@__crt_stdio_output@@V?$standard_base@DV?$string_output_adapter@D@__crt_stdio_output@@@2@@__crt_stdio_output@@AEAAXII_N@Z 0000000180027fe4 f i libucrt:output.obj
 0001:00027080       ??$type_case_integer_parse_into_buffer@_K@?$output_processor@DV?$string_output_adapter@D@__crt_stdio_output@@V?$standard_base@DV?$string_output_adapter@D@__crt_stdio_output@@@2@@__crt_stdio_output@@AEAAX_KI_N@Z 0000000180028080 f i libucrt:output.obj
 0001:00027080       ??$type_case_integer_parse_into_buffer@_K@?$output_processor@DV?$stream_output_adapter@D@__crt_stdio_output@@V?$standard_base@DV?$stream_output_adapter@D@__crt_stdio_output@@@2@@__crt_stdio_output@@AEAAX_KI_N@Z 0000000180028080 f i libucrt:output.obj
 0001:00027080       ??$type_case_integer_parse_into_buffer@_K@?$output_processor@DV?$string_output_adapter@D@__crt_stdio_output@@V?$format_validation_base@DV?$string_output_adapter@D@__crt_stdio_output@@@2@@__crt_stdio_output@@AEAAX_KI_N@Z 0000000180028080 f i libucrt:output.obj
 0001:0002711c       ??$write_multiple_characters@V?$stream_output_adapter@D@__crt_stdio_output@@D@__crt_stdio_output@@YAXAEBV?$stream_output_adapter@D@0@DHQEAH@Z 000000018002811c f i libucrt:output.obj
 0001:000271a0       ??$write_multiple_characters@V?$string_output_adapter@D@__crt_stdio_output@@D@__crt_stdio_output@@YAXAEBV?$string_output_adapter@D@0@DHQEAH@Z 00000001800281a0 f i libucrt:output.obj
 0001:000271fc       ??0?$output_processor@DV?$string_output_adapter@D@__crt_stdio_output@@V?$standard_base@DV?$string_output_adapter@D@__crt_stdio_output@@@2@@__crt_stdio_output@@QEAA@AEBV?$string_output_adapter@D@1@_KQEBDQEAU__crt_locale_pointers@@QEAD@Z 00000001800281fc f i libucrt:output.obj
 0001:000271fc       ??0?$output_processor@DV?$string_output_adapter@D@__crt_stdio_output@@V?$format_validation_base@DV?$string_output_adapter@D@__crt_stdio_output@@@2@@__crt_stdio_output@@QEAA@AEBV?$string_output_adapter@D@1@_KQEBDQEAU__crt_locale_pointers@@QEAD@Z 00000001800281fc f i libucrt:output.obj
 0001:000271fc       ??0?$output_processor@DV?$stream_output_adapter@D@__crt_stdio_output@@V?$standard_base@DV?$stream_output_adapter@D@__crt_stdio_output@@@2@@__crt_stdio_output@@QEAA@AEBV?$stream_output_adapter@D@1@_KQEBDQEAU__crt_locale_pointers@@QEAD@Z 00000001800281fc f i libucrt:output.obj
 0001:00027278       ??0_LocaleUpdate@@QEAA@QEAU__crt_locale_pointers@@@Z 0000000180028278 f i libucrt:output.obj
 0001:000273f8       ?force_decimal_point@__crt_stdio_output@@YAXPEADQEAU__crt_locale_pointers@@@Z 00000001800283f8 f i libucrt:output.obj
 0001:00027468       ?parse_int_from_format_string@?$output_processor@DV?$string_output_adapter@D@__crt_stdio_output@@V?$format_validation_base@DV?$string_output_adapter@D@__crt_stdio_output@@@2@@__crt_stdio_output@@AEAA_NQEAH@Z 0000000180028468 f i libucrt:output.obj
 0001:00027468       ?parse_int_from_format_string@?$output_processor@DV?$string_output_adapter@D@__crt_stdio_output@@V?$standard_base@DV?$string_output_adapter@D@__crt_stdio_output@@@2@@__crt_stdio_output@@AEAA_NQEAH@Z 0000000180028468 f i libucrt:output.obj
 0001:00027468       ?parse_int_from_format_string@?$output_processor@DV?$stream_output_adapter@D@__crt_stdio_output@@V?$standard_base@DV?$stream_output_adapter@D@__crt_stdio_output@@@2@@__crt_stdio_output@@AEAA_NQEAH@Z 0000000180028468 f i libucrt:output.obj
 0001:000274ec       ?process@?$output_processor@DV?$stream_output_adapter@D@__crt_stdio_output@@V?$standard_base@DV?$stream_output_adapter@D@__crt_stdio_output@@@2@@__crt_stdio_output@@QEAAHXZ 00000001800284ec f i libucrt:output.obj
 0001:000276fc       ?process@?$output_processor@DV?$string_output_adapter@D@__crt_stdio_output@@V?$format_validation_base@DV?$string_output_adapter@D@__crt_stdio_output@@@2@@__crt_stdio_output@@QEAAHXZ 00000001800286fc f i libucrt:output.obj
 0001:00027910       ?process@?$output_processor@DV?$string_output_adapter@D@__crt_stdio_output@@V?$standard_base@DV?$string_output_adapter@D@__crt_stdio_output@@@2@@__crt_stdio_output@@QEAAHXZ 0000000180028910 f i libucrt:output.obj
 0001:00027b14       ?state_case_normal@?$output_processor@DV?$stream_output_adapter@D@__crt_stdio_output@@V?$standard_base@DV?$stream_output_adapter@D@__crt_stdio_output@@@2@@__crt_stdio_output@@AEAA_NXZ 0000000180028b14 f i libucrt:output.obj
 0001:00027b84       ?state_case_normal@?$output_processor@DV?$string_output_adapter@D@__crt_stdio_output@@V?$standard_base@DV?$string_output_adapter@D@__crt_stdio_output@@@2@@__crt_stdio_output@@AEAA_NXZ 0000000180028b84 f i libucrt:output.obj
 0001:00027b84       ?state_case_normal@?$output_processor@DV?$string_output_adapter@D@__crt_stdio_output@@V?$format_validation_base@DV?$string_output_adapter@D@__crt_stdio_output@@@2@@__crt_stdio_output@@AEAA_NXZ 0000000180028b84 f i libucrt:output.obj
 0001:00027bf8       ?state_case_normal_tchar@?$output_processor@DV?$stream_output_adapter@D@__crt_stdio_output@@V?$standard_base@DV?$stream_output_adapter@D@__crt_stdio_output@@@2@@__crt_stdio_output@@AEAA_ND@Z 0000000180028bf8 f i libucrt:output.obj
 0001:00027c8c       ?state_case_normal_tchar@?$output_processor@DV?$string_output_adapter@D@__crt_stdio_output@@V?$format_validation_base@DV?$string_output_adapter@D@__crt_stdio_output@@@2@@__crt_stdio_output@@AEAA_ND@Z 0000000180028c8c f i libucrt:output.obj
 0001:00027c8c       ?state_case_normal_tchar@?$output_processor@DV?$string_output_adapter@D@__crt_stdio_output@@V?$standard_base@DV?$string_output_adapter@D@__crt_stdio_output@@@2@@__crt_stdio_output@@AEAA_ND@Z 0000000180028c8c f i libucrt:output.obj
 0001:00027d24       ?state_case_size@?$output_processor@DV?$stream_output_adapter@D@__crt_stdio_output@@V?$standard_base@DV?$stream_output_adapter@D@__crt_stdio_output@@@2@@__crt_stdio_output@@AEAA_NXZ 0000000180028d24 f i libucrt:output.obj
 0001:00027ea0       ?state_case_size@?$output_processor@DV?$string_output_adapter@D@__crt_stdio_output@@V?$format_validation_base@DV?$string_output_adapter@D@__crt_stdio_output@@@2@@__crt_stdio_output@@AEAA_NXZ 0000000180028ea0 f i libucrt:output.obj
 0001:00027ea0       ?state_case_size@?$output_processor@DV?$string_output_adapter@D@__crt_stdio_output@@V?$standard_base@DV?$string_output_adapter@D@__crt_stdio_output@@@2@@__crt_stdio_output@@AEAA_NXZ 0000000180028ea0 f i libucrt:output.obj
 0001:0002801c       ?state_case_type@?$output_processor@DV?$stream_output_adapter@D@__crt_stdio_output@@V?$standard_base@DV?$stream_output_adapter@D@__crt_stdio_output@@@2@@__crt_stdio_output@@AEAA_NXZ 000000018002901c f i libucrt:output.obj
 0001:00028298       ?state_case_type@?$output_processor@DV?$string_output_adapter@D@__crt_stdio_output@@V?$standard_base@DV?$string_output_adapter@D@__crt_stdio_output@@@2@@__crt_stdio_output@@AEAA_NXZ 0000000180029298 f i libucrt:output.obj
 0001:00028298       ?state_case_type@?$output_processor@DV?$string_output_adapter@D@__crt_stdio_output@@V?$format_validation_base@DV?$string_output_adapter@D@__crt_stdio_output@@@2@@__crt_stdio_output@@AEAA_NXZ 0000000180029298 f i libucrt:output.obj
 0001:00028514       ?type_case_Z@?$output_processor@DV?$string_output_adapter@D@__crt_stdio_output@@V?$standard_base@DV?$string_output_adapter@D@__crt_stdio_output@@@2@@__crt_stdio_output@@AEAA_NXZ 0000000180029514 f i libucrt:output.obj
 0001:00028514       ?type_case_Z@?$output_processor@DV?$stream_output_adapter@D@__crt_stdio_output@@V?$standard_base@DV?$stream_output_adapter@D@__crt_stdio_output@@@2@@__crt_stdio_output@@AEAA_NXZ 0000000180029514 f i libucrt:output.obj
 0001:00028514       ?type_case_Z@?$output_processor@DV?$string_output_adapter@D@__crt_stdio_output@@V?$format_validation_base@DV?$string_output_adapter@D@__crt_stdio_output@@@2@@__crt_stdio_output@@AEAA_NXZ 0000000180029514 f i libucrt:output.obj
 0001:00028594       ?type_case_a@?$output_processor@DV?$string_output_adapter@D@__crt_stdio_output@@V?$standard_base@DV?$string_output_adapter@D@__crt_stdio_output@@@2@@__crt_stdio_output@@AEAA_NXZ 0000000180029594 f i libucrt:output.obj
 0001:00028594       ?type_case_a@?$output_processor@DV?$stream_output_adapter@D@__crt_stdio_output@@V?$standard_base@DV?$stream_output_adapter@D@__crt_stdio_output@@@2@@__crt_stdio_output@@AEAA_NXZ 0000000180029594 f i libucrt:output.obj
 0001:00028594       ?type_case_a@?$output_processor@DV?$string_output_adapter@D@__crt_stdio_output@@V?$format_validation_base@DV?$string_output_adapter@D@__crt_stdio_output@@@2@@__crt_stdio_output@@AEAA_NXZ 0000000180029594 f i libucrt:output.obj
 0001:000287b0       ?type_case_c_tchar@?$output_processor@DV?$string_output_adapter@D@__crt_stdio_output@@V?$format_validation_base@DV?$string_output_adapter@D@__crt_stdio_output@@@2@@__crt_stdio_output@@AEAA_ND@Z 00000001800297b0 f i libucrt:output.obj
 0001:000287b0       ?type_case_c_tchar@?$output_processor@DV?$string_output_adapter@D@__crt_stdio_output@@V?$standard_base@DV?$string_output_adapter@D@__crt_stdio_output@@@2@@__crt_stdio_output@@AEAA_ND@Z 00000001800297b0 f i libucrt:output.obj
 0001:000287b0       ?type_case_c_tchar@?$output_processor@DV?$stream_output_adapter@D@__crt_stdio_output@@V?$standard_base@DV?$stream_output_adapter@D@__crt_stdio_output@@@2@@__crt_stdio_output@@AEAA_ND@Z 00000001800297b0 f i libucrt:output.obj
 0001:00028864       ?type_case_integer@?$output_processor@DV?$string_output_adapter@D@__crt_stdio_output@@V?$format_validation_base@DV?$string_output_adapter@D@__crt_stdio_output@@@2@@__crt_stdio_output@@AEAA_NI_N@Z 0000000180029864 f i libucrt:output.obj
 0001:00028864       ?type_case_integer@?$output_processor@DV?$string_output_adapter@D@__crt_stdio_output@@V?$standard_base@DV?$string_output_adapter@D@__crt_stdio_output@@@2@@__crt_stdio_output@@AEAA_NI_N@Z 0000000180029864 f i libucrt:output.obj
 0001:00028864       ?type_case_integer@?$output_processor@DV?$stream_output_adapter@D@__crt_stdio_output@@V?$standard_base@DV?$stream_output_adapter@D@__crt_stdio_output@@@2@@__crt_stdio_output@@AEAA_NI_N@Z 0000000180029864 f i libucrt:output.obj
 0001:00028a04       ?type_case_n@?$output_processor@DV?$string_output_adapter@D@__crt_stdio_output@@V?$format_validation_base@DV?$string_output_adapter@D@__crt_stdio_output@@@2@@__crt_stdio_output@@AEAA_NXZ 0000000180029a04 f i libucrt:output.obj
 0001:00028a04       ?type_case_n@?$output_processor@DV?$string_output_adapter@D@__crt_stdio_output@@V?$standard_base@DV?$string_output_adapter@D@__crt_stdio_output@@@2@@__crt_stdio_output@@AEAA_NXZ 0000000180029a04 f i libucrt:output.obj
 0001:00028a04       ?type_case_n@?$output_processor@DV?$stream_output_adapter@D@__crt_stdio_output@@V?$standard_base@DV?$stream_output_adapter@D@__crt_stdio_output@@@2@@__crt_stdio_output@@AEAA_NXZ 0000000180029a04 f i libucrt:output.obj
 0001:00028ae0       ?type_case_s@?$output_processor@DV?$stream_output_adapter@D@__crt_stdio_output@@V?$standard_base@DV?$stream_output_adapter@D@__crt_stdio_output@@@2@@__crt_stdio_output@@AEAA_NXZ 0000000180029ae0 f i libucrt:output.obj
 0001:00028ae0       ?type_case_s@?$output_processor@DV?$string_output_adapter@D@__crt_stdio_output@@V?$standard_base@DV?$string_output_adapter@D@__crt_stdio_output@@@2@@__crt_stdio_output@@AEAA_NXZ 0000000180029ae0 f i libucrt:output.obj
 0001:00028ae0       ?type_case_s@?$output_processor@DV?$string_output_adapter@D@__crt_stdio_output@@V?$format_validation_base@DV?$string_output_adapter@D@__crt_stdio_output@@@2@@__crt_stdio_output@@AEAA_NXZ 0000000180029ae0 f i libucrt:output.obj
 0001:00028b70       ?validate_stream_is_ansi_if_required@?$__acrt_stdio_char_traits@D@@SA_NQEAU_iobuf@@@Z 0000000180029b70 f i libucrt:output.obj
 0001:00028bfc       ?write_stored_string_tchar@?$output_processor@DV?$stream_output_adapter@D@__crt_stdio_output@@V?$standard_base@DV?$stream_output_adapter@D@__crt_stdio_output@@@2@@__crt_stdio_output@@AEAA_ND@Z 0000000180029bfc f i libucrt:output.obj
 0001:00028cd4       ?write_stored_string_tchar@?$output_processor@DV?$string_output_adapter@D@__crt_stdio_output@@V?$standard_base@DV?$string_output_adapter@D@__crt_stdio_output@@@2@@__crt_stdio_output@@AEAA_ND@Z 0000000180029cd4 f i libucrt:output.obj
 0001:00028cd4       ?write_stored_string_tchar@?$output_processor@DV?$string_output_adapter@D@__crt_stdio_output@@V?$format_validation_base@DV?$string_output_adapter@D@__crt_stdio_output@@@2@@__crt_stdio_output@@AEAA_ND@Z 0000000180029cd4 f i libucrt:output.obj
 0001:00028dac       ?write_string@?$stream_output_adapter@D@__crt_stdio_output@@QEBAXQEBDHQEAH1@Z 0000000180029dac f i libucrt:output.obj
 0001:00028ea4       ?write_string@?$string_output_adapter@D@__crt_stdio_output@@QEBAXQEBDHQEAH1@Z 0000000180029ea4 f i libucrt:output.obj
 0001:00028f60       __stdio_common_vfprintf    0000000180029f60 f   libucrt:output.obj
 0001:00028fec       __stdio_common_vsnprintf_s 0000000180029fec f   libucrt:output.obj
 0001:00029148       __stdio_common_vsprintf    000000018002a148 f   libucrt:output.obj
 0001:0002937c       __stdio_common_vsprintf_s  000000018002a37c f   libucrt:output.obj
 0001:000293e0       _fgetc_nolock              000000018002a3e0 f   libucrt:fgetc.obj
 0001:00029424       _getc_nolock               000000018002a424 f   libucrt:fgetc.obj
 0001:0002942c       fgetc                      000000018002a42c f   libucrt:fgetc.obj
 0001:00029530       system                     000000018002a530 f   libucrt:system.obj
 0001:0002966c       _get_fmode                 000000018002a66c f   libucrt:setmode.obj
 0001:0002969c       _setmode                   000000018002a69c f   libucrt:setmode.obj
 0001:00029794       _setmode_nolock            000000018002a794 f   libucrt:setmode.obj
 0001:00029890       strncpy                    000000018002a890 f   libucrt:strncpy.obj
 0001:000299f4       rename                     000000018002a9f4 f   libucrt:rename.obj
 0001:00029b14       localeconv                 000000018002ab14 f   libucrt:localeconv.obj
 0001:00029b48       _fileno                    000000018002ab48 f   libucrt:fileno.obj
 0001:00029b70       ??$?RV<lambda_c01e8233c1997d6cc4b8f1fd672e07e5>@@AEAV<lambda_3a6204444a8bad05601fdaf7664f6f17>@@V<lambda_b6ae1896c9cebd71befa8310523e5efb>@@@?$__crt_seh_guarded_call@H@@QEAAH$$QEAV<lambda_c01e8233c1997d6cc4b8f1fd672e07e5>@@AEAV<lambda_3a6204444a8bad05601fdaf7664f6f17>@@$$QEAV<lambda_b6ae1896c9cebd71befa8310523e5efb>@@@Z 000000018002ab70 f i libucrt:input.obj
[...]
 0004:000034a4       $pdata$__scrt_is_nonwritable_in_current_image$filt$0 00000001800714a4     LIBCMT:utility.obj
 0004:000034b0       $pdata$?fin$0@?0??dllmain_crt_process_attach@@YAHQEAUHINSTANCE__@@QEAX@Z@4HA 00000001800714b0     LIBCMT:dll_dllmain.obj
 0004:000034bc       $pdata$?fin$0@?0??dllmain_crt_process_detach@@YAH_N@Z@4HA 00000001800714bc     LIBCMT:dll_dllmain.obj
 0004:000034c8       $pdata$?filt$0@?0??dllmain_dispatch@@YAHQEAUHINSTANCE__@@KQEAX@Z@4HA 00000001800714c8     LIBCMT:dll_dllmain.obj
 0004:000034d4       $pdata$__CxxCallCatchBlock$filt$0 00000001800714d4     libvcruntime:frame.obj
 0004:000034e0       $pdata$__CxxCallCatchBlock$fin$1 00000001800714e0     libvcruntime:frame.obj
 0004:000034ec       $pdata$__DestructExceptionObject$filt$0 00000001800714ec     libvcruntime:frame.obj
 0004:000034f8       $pdata$__FrameUnwindToState$filt$0 00000001800714f8     libvcruntime:frame.obj
 0004:00003504       $pdata$__FrameUnwindToState$fin$1 0000000180071504     libvcruntime:frame.obj
 0004:00003510       $pdata$_CallSETranslator$filt$0 0000000180071510     libvcruntime:trnsctrl.obj
 0004:0000351c       $pdata$?fin$0@?0???$common_fsopen@D@@YAPEAU_iobuf@@QEBD0H@Z@4HA 000000018007151c     libucrt:fopen.obj
 0004:00003528       $pdata$?fin$0@?0??common_fseek@@YAHV__crt_stdio_stream@@_JH@Z@4HA 0000000180071528     libucrt:fseek.obj
 0004:00003528       $pdata$?fin$0@?0???$common_ftell@J@@YAJV__crt_stdio_stream@@@Z@4HA 0000000180071528     libucrt:ftell.obj
 0004:00003528       $pdata$?fin$0@?0???$common_ftell@_J@@YA_JV__crt_stdio_stream@@@Z@4HA 0000000180071528     libucrt:ftell.obj
 0004:00003534       $pdata$fgetc$fin$0         0000000180071534     libucrt:fgetc.obj
 0004:00003540       $pdata$fread_s$fin$0       0000000180071540     libucrt:fread.obj
 0004:0000354c       $pdata$?fin$0@?0???$common_dupenv_s@D@@YAHQEAPEADQEA_KQEBDH2H@Z@4HA 000000018007154c     libucrt:getenv.obj
 0004:00003558       $pdata$?fin$0@?0???$common_getenv@D@@YAPEADQEBD@Z@4HA 0000000180071558     libucrt:getenv.obj
 0004:00003564       $pdata$common_flush_all$fin$0 0000000180071564     libucrt:fflush.obj
 0004:00003570       $pdata$common_flush_all$fin$1 0000000180071570     libucrt:fflush.obj
 0004:0000357c       $pdata$fclose$fin$0        000000018007157c     libucrt:fclose.obj
 0004:0000357c       $pdata$fflush$fin$0        000000018007157c     libucrt:fflush.obj
 0004:00003588       $pdata$fputc$fin$0         0000000180071588     libucrt:fputc.obj
 0004:00003594       $pdata$?fin$0@?0???$?RV<lambda_aa279a7bcb127014629d5b1d62c7325d>@@AEAV<lambda_0a64b6a4deda75c01876f29c44fc5eb3>@@V<lambda_3323e69fbefe9d1a11713e670d47cdfa>@@@?$__crt_seh_guarded_call@H@@QEAAH$$QEAV<lambda_aa279a7bcb127014629d5b1d62c7325d>@@AEAV<lambda_0a64b6a4deda75c01876f29c44fc5eb3>@@$$QEAV<lambda_3323e69fbefe9d1a11713e670d47cdfa>@@@Z@4HA 0000000180071594     libucrt:output.obj
 0004:00003594       $pdata$?fin$0@?0???$?RV<lambda_c01e8233c1997d6cc4b8f1fd672e07e5>@@AEAV<lambda_3a6204444a8bad05601fdaf7664f6f17>@@V<lambda_b6ae1896c9cebd71befa8310523e5efb>@@@?$__crt_seh_guarded_call@H@@QEAAH$$QEAV<lambda_c01e8233c1997d6cc4b8f1fd672e07e5>@@AEAV<lambda_3a6204444a8bad05601fdaf7664f6f17>@@$$QEAV<lambda_b6ae1896c9cebd71befa8310523e5efb>@@@Z@4HA 0000000180071594     libucrt:input.obj
 0004:00003594       $pdata$?fin$0@?0???$?RV<lambda_5d4c3fee44080f75d5d9762853974fe0>@@AEAV<lambda_532e024f4337e6fc7ad266c2bef9f4ed>@@V<lambda_c87bdc10097eb2402edb8ba9bdf0697b>@@@?$__crt_seh_guarded_call@_K@@QEAA_K$$QEAV<lambda_5d4c3fee44080f75d5d9762853974fe0>@@AEAV<lambda_532e024f4337e6fc7ad266c2bef9f4ed>@@$$QEAV<lambda_c87bdc10097eb2402edb8ba9bdf0697b>@@@Z@4HA 0000000180071594     libucrt:fwrite.obj
 0004:00003594       $pdata$?fin$0@?0???$?RV<lambda_7a5ef57ff966f610505f1d28a3d40618>@@AEAV<lambda_b721fa326cdb32351d23dfa67958c160>@@V<lambda_5e0fb27672408a07956fe59e48ccb2aa>@@@?$__crt_seh_guarded_call@H@@QEAAH$$QEAV<lambda_7a5ef57ff966f610505f1d28a3d40618>@@AEAV<lambda_b721fa326cdb32351d23dfa67958c160>@@$$QEAV<lambda_5e0fb27672408a07956fe59e48ccb2aa>@@@Z@4HA 0000000180071594     libucrt:setvbuf.obj
 0004:000035a0       $pdata$ungetc$fin$0        00000001800715a0     libucrt:ungetc.obj
 0004:000035ac       $pdata$setlocale$fin$0     00000001800715ac     libucrt:setlocale.obj
 0004:000035b8       $pdata$_query_new_handler$fin$0 00000001800715b8     libucrt:new_handler.obj
 0004:000035c4       $pdata$?filt$0@?0??common_exit@@YAXHW4_crt_exit_cleanup_mode@@W4_crt_exit_return_mode@@@Z@4HA 00000001800715c4     libucrt:exit.obj
 0004:000035d0       $pdata$?fin$1@?0??common_exit@@YAXHW4_crt_exit_cleanup_mode@@W4_crt_exit_return_mode@@@Z@4HA 00000001800715d0     libucrt:exit.obj
 0004:000035dc       $pdata$?fin$0@?0???$?RV<lambda_e24bbb7b643b32fcea6fa61b31d4c984>@@AEAV<lambda_275893d493268fdec8709772e3fcec0e>@@V<lambda_9d71df4d7cf3f480f8d633942495c3b0>@@@?$__crt_seh_guarded_call@H@@QEAAH$$QEAV<lambda_e24bbb7b643b32fcea6fa61b31d4c984>@@AEAV<lambda_275893d493268fdec8709772e3fcec0e>@@$$QEAV<lambda_9d71df4d7cf3f480f8d633942495c3b0>@@@Z@4HA 00000001800715dc     libucrt:onexit.obj
 0004:000035e8       $pdata$?fin$0@?0???$common_lseek@_J@@YA_JH_JH@Z@4HA 00000001800715e8     libucrt:lseek.obj
 0004:000035e8       $pdata$_write$fin$0        00000001800715e8     libucrt:write.obj
 0004:000035e8       $pdata$_read$fin$0         00000001800715e8     libucrt:read.obj
 0004:000035e8       $pdata$_setmode$fin$0      00000001800715e8     libucrt:setmode.obj
 0004:000035f4       $pdata$_alloc_osfhnd$fin$0 00000001800715f4     libucrt:osfinfo.obj
 0004:000035f4       $pdata$__acrt_initialize_lowio$fin$0 00000001800715f4     libucrt:ioinit.obj
 0004:000035f4       $pdata$__acrt_lowio_ensure_fh_exists$fin$0 00000001800715f4     libucrt:osfinfo.obj
 0004:00003600       $pdata$raise$fin$0         0000000180071600     libucrt:signal.obj
 0004:0000360c       $pdata$?fin$0@?0???$?RV<lambda_fb01e4b6cb0b58be62120d2a518119ce>@@AEAV<lambda_45edfab556fcff821d8a41c06e3d46c0>@@V<lambda_8a9bf702b7f902ca2f9107a173e0fbe3>@@@?$__crt_seh_guarded_call@_N@@QEAA_N$$QEAV<lambda_fb01e4b6cb0b58be62120d2a518119ce>@@AEAV<lambda_45edfab556fcff821d8a41c06e3d46c0>@@$$QEAV<lambda_8a9bf702b7f902ca2f9107a173e0fbe3>@@@Z@4HA 000000018007160c     libucrt:spawnv.obj
 0004:0000360c       $pdata$?fin$0@?0???$?RV<lambda_99476a1ad63dd22509b5d3e65b0ffc95>@@AEAV<lambda_ad1ced32f4ac17aa236e5ef05d6b3b7c>@@V<lambda_f7424dd8d45958661754dc4f2697e9c3>@@@?$__crt_seh_guarded_call@X@@QEAAX$$QEAV<lambda_99476a1ad63dd22509b5d3e65b0ffc95>@@AEAV<lambda_ad1ced32f4ac17aa236e5ef05d6b3b7c>@@$$QEAV<lambda_f7424dd8d45958661754dc4f2697e9c3>@@@Z@4HA 000000018007160c     libucrt:mbctype.obj
 0004:0000360c       $pdata$?fin$0@?0???$?RV<lambda_72d1df2b273a38828b1ce30cbf4cdab5>@@AEAV<lambda_876a65b173b8412d3a47c70a915b0cf4>@@V<lambda_41932305e351933ebe8f8be3ed8bb5dc>@@@?$__crt_seh_guarded_call@X@@QEAAX$$QEAV<lambda_72d1df2b273a38828b1ce30cbf4cdab5>@@AEAV<lambda_876a65b173b8412d3a47c70a915b0cf4>@@$$QEAV<lambda_41932305e351933ebe8f8be3ed8bb5dc>@@@Z@4HA 000000018007160c     libucrt:per_thread_data.obj
 0004:0000360c       $pdata$?fin$0@?0???$?RV<lambda_5e887d1dcbef67a5eb4283622ba103bf>@@AEAV<lambda_4466841279450cc726390878d4a41900>@@V<lambda_341c25c0346d94847f1f3c463c57e077>@@@?$__crt_seh_guarded_call@X@@QEAAX$$QEAV<lambda_5e887d1dcbef67a5eb4283622ba103bf>@@AEAV<lambda_4466841279450cc726390878d4a41900>@@$$QEAV<lambda_341c25c0346d94847f1f3c463c57e077>@@@Z@4HA 000000018007160c     libucrt:per_thread_data.obj
 0004:0000360c       $pdata$?fin$0@?0???$?RV<lambda_b8c45f8f788dd370798f47cfe8ac3a86>@@AEAV<lambda_4e60a939b0d047cfe11ddc22648dfba9>@@V<lambda_332c3edc96d0294ec56c57d38c1cdfd5>@@@?$__crt_seh_guarded_call@H@@QEAAH$$QEAV<lambda_b8c45f8f788dd370798f47cfe8ac3a86>@@AEAV<lambda_4e60a939b0d047cfe11ddc22648dfba9>@@$$QEAV<lambda_332c3edc96d0294ec56c57d38c1cdfd5>@@@Z@4HA 000000018007160c     libucrt:onexit.obj
 0004:0000360c       $pdata$?fin$0@?0???$?RV<lambda_fb3a7dec4e47f37f22dae91bb15c9095>@@AEAV<lambda_698284760c8add0bfb0756c19673e34b>@@V<lambda_dfb8eca1e75fef3034a8fb18dd509707>@@@?$__crt_seh_guarded_call@X@@QEAAX$$QEAV<lambda_fb3a7dec4e47f37f22dae91bb15c9095>@@AEAV<lambda_698284760c8add0bfb0756c19673e34b>@@$$QEAV<lambda_dfb8eca1e75fef3034a8fb18dd509707>@@@Z@4HA 000000018007160c     libucrt:per_thread_data.obj
 0004:0000360c       $pdata$?fin$0@?0???$?RV<lambda_c36588078e9f5dfd39652860aa6b3aaf>@@AEAV<lambda_ec61778202f4f5fc7e7711acc23c3bca>@@V<lambda_dc9d2797ccde5d239b4a0efae8ebd7db>@@@?$__crt_seh_guarded_call@P6AXH@Z@@QEAAP6AXH@Z$$QEAV<lambda_c36588078e9f5dfd39652860aa6b3aaf>@@AEAV<lambda_ec61778202f4f5fc7e7711acc23c3bca>@@$$QEAV<lambda_dc9d2797ccde5d239b4a0efae8ebd7db>@@@Z@4HA 000000018007160c     libucrt:signal.obj
 0004:0000360c       $pdata$?fin$0@?0???$?RV<lambda_46352004c1216016012b18bd6f87e700>@@AEAV<lambda_3bd07e1a1191394380780325891bf33f>@@V<lambda_334532d3f185bcaa59b5be82d7d22bff>@@@?$__crt_seh_guarded_call@X@@QEAAX$$QEAV<lambda_46352004c1216016012b18bd6f87e700>@@AEAV<lambda_3bd07e1a1191394380780325891bf33f>@@$$QEAV<lambda_334532d3f185bcaa59b5be82d7d22bff>@@@Z@4HA 000000018007160c     libucrt:per_thread_data.obj
 0004:0000360c       $pdata$?fin$0@?0???$?RV<lambda_d67e8342c384adda8f857579ab50b2ae>@@AEAV<lambda_30712929f77e709619002f448b6a9510>@@V<lambda_4525336fd7e478d965fb7ca7a337cad8>@@@?$__crt_seh_guarded_call@X@@QEAAX$$QEAV<lambda_d67e8342c384adda8f857579ab50b2ae>@@AEAV<lambda_30712929f77e709619002f448b6a9510>@@$$QEAV<lambda_4525336fd7e478d965fb7ca7a337cad8>@@@Z@4HA 000000018007160c     libucrt:wsetlocale.obj
 0004:0000360c       $pdata$?fin$0@?0???$?RV<lambda_630b2aca97f6d20d5b5ea6529ea6b6af>@@AEAV<lambda_af91936f1d075d609f72d9d8cba980af>@@V<lambda_e82fa975f615b5c7c7b0e4d178fdae67>@@@?$__crt_seh_guarded_call@H@@QEAAH$$QEAV<lambda_630b2aca97f6d20d5b5ea6529ea6b6af>@@AEAV<lambda_af91936f1d075d609f72d9d8cba980af>@@$$QEAV<lambda_e82fa975f615b5c7c7b0e4d178fdae67>@@@Z@4HA 000000018007160c     libucrt:winapi_thunks.obj
 0004:00003618       $pdata$?fin$0@?0??__acrt_stdio_allocate_stream@@YA?AV__crt_stdio_stream@@XZ@4HA 0000000180071618     libucrt:stream.obj
 0004:00003618       $pdata$_fcloseall$fin$0    0000000180071618     libucrt:closeall.obj
 0004:00003624       $pdata$?fin$0@?0???$?RV<lambda_5df02c53a8f32f81fd64e5bbb78039f1>@@AEAV<lambda_2af78c5f5901b1372d98f9ab3177dfa6>@@AEAV<lambda_f51fe5fd7c79a33db34fc9310f277369>@@@?$__crt_seh_guarded_call@X@@QEAAX$$QEAV<lambda_5df02c53a8f32f81fd64e5bbb78039f1>@@AEAV<lambda_2af78c5f5901b1372d98f9ab3177dfa6>@@AEAV<lambda_f51fe5fd7c79a33db34fc9310f277369>@@@Z@4HA 0000000180071624     libucrt:wsetlocale.obj
 0004:00003630       $pdata$common_control87$filt$0 0000000180071630     libucrt:ieee.obj
 0004:00003630       $pdata$_ctrlfp$filt$0      0000000180071630     libucrt:fpctrl.obj
 0004:0000363c       $pdata$?fin$0@?0???$?RV<lambda_bfedae4ebbf01fab1bb6dcc6a9e276e0>@@AEAV<lambda_2fe9b910cf3cbf4a0ab98a02ba45b3ec>@@V<lambda_237c231691f317818eb88cc1d5d642d6>@@@?$__crt_seh_guarded_call@H@@QEAAH$$QEAV<lambda_bfedae4ebbf01fab1bb6dcc6a9e276e0>@@AEAV<lambda_2fe9b910cf3cbf4a0ab98a02ba45b3ec>@@$$QEAV<lambda_237c231691f317818eb88cc1d5d642d6>@@@Z@4HA 000000018007163c     libucrt:close.obj
 0004:0000363c       $pdata$?fin$0@?0???$?RV<lambda_b521505b218e5242e90febf6bfebc422>@@AEAV<lambda_6978c1fb23f02e42e1d9e99668cc68aa>@@V<lambda_314360699dd331753a4119843814e9a7>@@@?$__crt_seh_guarded_call@H@@QEAAH$$QEAV<lambda_b521505b218e5242e90febf6bfebc422>@@AEAV<lambda_6978c1fb23f02e42e1d9e99668cc68aa>@@$$QEAV<lambda_314360699dd331753a4119843814e9a7>@@@Z@4HA 000000018007163c     libucrt:commit.obj
 0004:00003648       $pdata$__acrt_update_thread_multibyte_data$fin$0 0000000180071648     libucrt:mbctype.obj
 0004:00003654       $pdata$__acrt_update_thread_locale_data$fin$0 0000000180071654     libucrt:locale_refcounting.obj
 0004:00003654       $pdata$__acrt_uninitialize_locale$fin$0 0000000180071654     libucrt:wsetlocale.obj
 0004:00003660       $pdata$?fin$0@?0???$common_sopen_dispatch@D@@YAHQEBDHHHQEAHH@Z@4HA 0000000180071660     libucrt:open.obj
 0004:0000366c       $pdata$_IsNonwritableInCurrentImage$filt$0 000000018007166c     LIBCMT:pesect.obj
 0004:00003678       $pdata$??__Fcout@std@@YAXXZ 0000000180071678     libcpmt:cout.obj
 0004:00003684       $pdata$??__F_Fac_tidy_reg@std@@YAXXZ 0000000180071684     libcpmt:locale0.obj
 0004:00003690       $pdata$??__Fclassic_locale@std@@YAXXZ 0000000180071690     libcpmt:locale0.obj
 0004:0000369c       $pdata$??__Finit_atexit@@YAXXZ 000000018007169c     libcpmt:iosptrs.obj
 0005:00000000       __guard_fids__             0000000180072000     libucrt:initialization.obj
 0005:00000060       __guard_fids___acrt_initialize_ptd 0000000180072060     libucrt:per_thread_data.obj
 0005:00000064       __guard_fids__             0000000180072064     libucrt:stdio_initializer.obj
 0005:00000068       __guard_fids__             0000000180072068     libucrt:stdio_initializer.obj
 0005:0000006c       __guard_fids_??$?RV<lambda_630b2aca97f6d20d5b5ea6529ea6b6af>@@AEAV<lambda_af91936f1d075d609f72d9d8cba980af>@@V<lambda_e82fa975f615b5c7c7b0e4d178fdae67>@@@?$__crt_seh_guarded_call@H@@QEAAH$$QEAV<lambda_630b2aca97f6d20d5b5ea6529ea6b6af>@@AEAV<lambda_af91936f1d075d609f72d9d8cba980af>@@$$QEAV<lambda_e82fa975f615b5c7c7b0e4d178fdae67>@@@Z 000000018007206c     libucrt:winapi_thunks.obj
 0005:00000070       __guard_fids__             0000000180072070     libucrt:wsetlocale.obj
 0005:00000088       __guard_fids_??$expand_argument_wildcards@D@@YAHQEAD0AEAV?$argument_list@D@?A0xca0879c4@@@Z 0000000180072088     libucrt:argv_wildcards.obj
 0005:0000008c       __guard_fids__             000000018007208c     libucrt:locale_initializer.obj
 0005:00000090       __guard_fids_GetLocaleNameFromLangCountry 0000000180072090     libucrt:get_qualified_locale.obj
 0005:00000094       __guard_fids_GetLocaleNameFromLanguage 0000000180072094     libucrt:get_qualified_locale.obj
 0005:00000098       __guard_fids___acrt_get_qualified_locale_downlevel 0000000180072098     libucrt:getqloc_downlevel.obj
 0005:0000009c       __guard_fids_GetLcidFromLangCountry 000000018007209c     libucrt:getqloc_downlevel.obj
 0005:000000a0       __guard_fids_GetLcidFromLanguage 00000001800720a0     libucrt:getqloc_downlevel.obj
 0005:000000a4       __guard_fids__             00000001800720a4     libucrt:fma3_initializer.obj
 0005:000000a8       __guard_fids__             00000001800720a8     libucrt:timeset_initializer.obj
 0005:000000ac       __guard_fids__             00000001800720ac     libucrt:multibyte_initializer.obj
 0005:000000b0       __guard_fids__             00000001800720b0     libucrt:console_output_initializer.obj
 0005:000000b4       __guard_fids_??__Einitlocks@std@@YAXXZ 00000001800720b4     libcpmt:xlock.obj
 0005:000000b8       __guard_fids__             00000001800720b8     libcpmt:xlock.obj
 0005:000000bc       __guard_fids_??__Einitlocks@@YAXXZ 00000001800720bc     libcpmt:cout.obj
 0005:000000c0       __guard_fids_??__Efout@std@@YAXXZ 00000001800720c0     libcpmt:cout.obj
 0005:000000c4       __guard_fids_??__Ecout@std@@YAXXZ 00000001800720c4     libcpmt:cout.obj
 0005:000000c8       __guard_fids__             00000001800720c8     libcpmt:cout.obj
 0005:000000d0       __guard_fids__             00000001800720d0     libcpmt:cout.obj
 0005:000000d8       __guard_fids__             00000001800720d8     libcpmt:cout.obj
 0005:000000e0       __guard_fids__             00000001800720e0     libcpmt:cout.obj
 0005:000000ec       __guard_fids__             00000001800720ec     libcpmt:cout.obj
 0005:00000118       __guard_fids__             0000000180072118     libcpmt:cout.obj
 0005:00000130       __guard_fids__             0000000180072130     libcpmt:cout.obj
 0005:00000138       __guard_fids__             0000000180072138     libcpmt:cout.obj
 0005:00000150       __guard_fids__             0000000180072150     libcpmt:cout.obj
 0005:00000158       __guard_fids__             0000000180072158     libcpmt:cout.obj
 0005:0000015c       __guard_fids__             000000018007215c     libcpmt:cout.obj
 0005:00000198       __guard_fids__             0000000180072198     libcpmt:cout.obj
 0005:000001d4       __guard_fids__             00000001800721d4     libcpmt:cout.obj
 0005:000001d8       __guard_fids__             00000001800721d8     libcpmt:cout.obj
 0005:000001dc       __guard_fids__             00000001800721dc     libcpmt:cout.obj
 0005:00000204       __guard_fids__             0000000180072204     libcpmt:cout.obj
 0005:00000208       __guard_fids__             0000000180072208     libcpmt:cout.obj
 0005:0000020c       __guard_fids__             000000018007220c     libcpmt:cout.obj
 0005:00000210       __guard_fids__             0000000180072210     libcpmt:cout.obj
 0005:00000214       __guard_fids_??__E_Fac_tidy_reg@std@@YAXXZ 0000000180072214     libcpmt:locale0.obj
 0005:00000218       __guard_fids_?_Setgloballocale@locale@std@@CAXPEAX@Z 0000000180072218     libcpmt:locale0.obj
 0005:0000021c       __guard_fids_??__Eclassic_locale@std@@YAXXZ 000000018007221c     libcpmt:locale0.obj
 0005:00000220       __guard_fids__             0000000180072220     libcpmt:locale0.obj
 0005:0000022c       __guard_fids__             000000018007222c     libcpmt:locale0.obj
 0005:00000230       __guard_fids__             0000000180072230     libcpmt:locale0.obj
 0005:00000234       __guard_fids__             0000000180072234     libcpmt:xthrow.obj
 0005:0000023c       __guard_fids__             000000018007223c     libcpmt:xthrow.obj
 0005:00000244       __guard_fids__             0000000180072244     libcpmt:xthrow.obj
 0005:0000024c       __guard_fids__             000000018007224c     libcpmt:xthrow.obj
 0005:00000254       __guard_fids_??__Einitlocks@std@@YAXXZ 0000000180072254     libcpmt:iosptrs.obj
 0005:00000258       __guard_fids_??__Einit_atexit@@YAXXZ 0000000180072258     libcpmt:iosptrs.obj
 0005:0000025c       __guard_fids__             000000018007225c     libcpmt:iosptrs.obj
 0005:00000260       __guard_fids__             0000000180072260     libcpmt:iosptrs.obj
 0005:00000264       __guard_fids__             0000000180072264     libcpmt:locale.obj
 0005:00000290       __guard_fids__             0000000180072290     libcpmt:locale.obj
 0005:000002b0       __guard_fids__             00000001800722b0     libcpmt:winapisupp.obj
 0005:000002b4       __guard_fids__             00000001800722b4     LIBCMT:thread_safe_statics.obj
 0005:000002b8       __guard_fids_?__scrt_initialize_thread_safe_statics@@YAHXZ 00000001800722b8     LIBCMT:thread_safe_statics.obj
 0005:000002bc       __guard_fids__             00000001800722bc     LIBCMT:std_type_info_static.obj
 0005:000002c0       __guard_fids_?dllmain_crt_process_attach@@YAHQEAUHINSTANCE__@@QEAX@Z 00000001800722c0     LIBCMT:dll_dllmain.obj
 0005:000002c8       __guard_fids_?dllmain_dispatch@@YAHQEAUHINSTANCE__@@KQEAX@Z 00000001800722c8     LIBCMT:dll_dllmain.obj
 0005:000002cc       __guard_fids__             00000001800722cc     LIBCMT:throw_bad_alloc.obj
 0005:000002d4       __guard_fids__             00000001800722d4     LIBCMT:guard_support.obj
 0005:000002d8       __guard_fids__             00000001800722d8     libvcruntime:frame.obj
 0005:000002dc       __guard_fids__             00000001800722dc     libvcruntime:frame.obj
 0005:000002e4       __guard_fids__UnwindNestedFrames 00000001800722e4     libvcruntime:trnsctrl.obj
 0005:000002e8       __guard_fids__             00000001800722e8     libvcruntime:telemetry.obj
 0005:000002ec       __guard_fids_?TraceLoggingRegister@__vcrt_trace_logging_provider@@YAJPEBU_TlgProvider_t@1@PEBU_GUID@@P6AX1KE_K2PEAU_EVENT_FILTER_DESCRIPTOR@@PEAX@Z4@Z 00000001800722ec     libvcruntime:telemetry.obj
 0005:000002f0       __guard_fids___vcrt_initialize_ptd 00000001800722f0     libvcruntime:per_thread_data.obj
 0007:00000060       $R000000                   0000000180074060     * linker generated manifest res *

 Exports

  ordinal    name

        1    _register_win32_phash_
